Archive member included to satisfy reference by file (symbol)

e:/clionstm32tools/gcc-arm-none-eabi-10.3-2021.10/bin/../lib/gcc/arm-none-eabi/10.3.1/thumb/v7e-m/nofp\libgcc.a(_aeabi_uldivmod.o)
                              CMakeFiles/project.elf.dir/Drivers/STM32F4xx_HAL_Driver/Src/stm32f4xx_hal_rcc.c.obj (__aeabi_uldivmod)
e:/clionstm32tools/gcc-arm-none-eabi-10.3-2021.10/bin/../lib/gcc/arm-none-eabi/10.3.1/thumb/v7e-m/nofp\libgcc.a(_udivmoddi4.o)
                              e:/clionstm32tools/gcc-arm-none-eabi-10.3-2021.10/bin/../lib/gcc/arm-none-eabi/10.3.1/thumb/v7e-m/nofp\libgcc.a(_aeabi_uldivmod.o) (__udivmoddi4)
e:/clionstm32tools/gcc-arm-none-eabi-10.3-2021.10/bin/../lib/gcc/arm-none-eabi/10.3.1/thumb/v7e-m/nofp\libgcc.a(_dvmd_tls.o)
                              e:/clionstm32tools/gcc-arm-none-eabi-10.3-2021.10/bin/../lib/gcc/arm-none-eabi/10.3.1/thumb/v7e-m/nofp\libgcc.a(_aeabi_uldivmod.o) (__aeabi_ldiv0)
e:/clionstm32tools/gcc-arm-none-eabi-10.3-2021.10/bin/../lib/gcc/arm-none-eabi/10.3.1/../../../../arm-none-eabi/lib/thumb/v7e-m/nofp\libg.a(lib_a-errno.o)
                              CMakeFiles/project.elf.dir/Core/Src/syscalls.c.obj (__errno)
e:/clionstm32tools/gcc-arm-none-eabi-10.3-2021.10/bin/../lib/gcc/arm-none-eabi/10.3.1/../../../../arm-none-eabi/lib/thumb/v7e-m/nofp\libg.a(lib_a-exit.o)
                              e:/clionstm32tools/gcc-arm-none-eabi-10.3-2021.10/bin/../lib/gcc/arm-none-eabi/10.3.1/../../../../arm-none-eabi/lib/thumb/v7e-m/nofp/crt0.o (exit)
e:/clionstm32tools/gcc-arm-none-eabi-10.3-2021.10/bin/../lib/gcc/arm-none-eabi/10.3.1/../../../../arm-none-eabi/lib/thumb/v7e-m/nofp\libg.a(lib_a-impure.o)
                              e:/clionstm32tools/gcc-arm-none-eabi-10.3-2021.10/bin/../lib/gcc/arm-none-eabi/10.3.1/../../../../arm-none-eabi/lib/thumb/v7e-m/nofp\libg.a(lib_a-exit.o) (_global_impure_ptr)
e:/clionstm32tools/gcc-arm-none-eabi-10.3-2021.10/bin/../lib/gcc/arm-none-eabi/10.3.1/../../../../arm-none-eabi/lib/thumb/v7e-m/nofp\libg.a(lib_a-init.o)
                              e:/clionstm32tools/gcc-arm-none-eabi-10.3-2021.10/bin/../lib/gcc/arm-none-eabi/10.3.1/../../../../arm-none-eabi/lib/thumb/v7e-m/nofp/crt0.o (__libc_init_array)
e:/clionstm32tools/gcc-arm-none-eabi-10.3-2021.10/bin/../lib/gcc/arm-none-eabi/10.3.1/../../../../arm-none-eabi/lib/thumb/v7e-m/nofp\libg.a(lib_a-memset.o)
                              e:/clionstm32tools/gcc-arm-none-eabi-10.3-2021.10/bin/../lib/gcc/arm-none-eabi/10.3.1/../../../../arm-none-eabi/lib/thumb/v7e-m/nofp/crt0.o (memset)
e:/clionstm32tools/gcc-arm-none-eabi-10.3-2021.10/bin/../lib/gcc/arm-none-eabi/10.3.1/../../../../arm-none-eabi/lib/thumb/v7e-m/nofp\libg.a(lib_a-vsnprintf.o)
                              CMakeFiles/project.elf.dir/Core/Src/usb_user.c.obj (vsnprintf)
e:/clionstm32tools/gcc-arm-none-eabi-10.3-2021.10/bin/../lib/gcc/arm-none-eabi/10.3.1/../../../../arm-none-eabi/lib/thumb/v7e-m/nofp\libg.a(lib_a-__call_atexit.o)
                              e:/clionstm32tools/gcc-arm-none-eabi-10.3-2021.10/bin/../lib/gcc/arm-none-eabi/10.3.1/../../../../arm-none-eabi/lib/thumb/v7e-m/nofp\libg.a(lib_a-exit.o) (__call_exitprocs)
e:/clionstm32tools/gcc-arm-none-eabi-10.3-2021.10/bin/../lib/gcc/arm-none-eabi/10.3.1/../../../../arm-none-eabi/lib/thumb/v7e-m/nofp\libg.a(lib_a-atexit.o)
                              e:/clionstm32tools/gcc-arm-none-eabi-10.3-2021.10/bin/../lib/gcc/arm-none-eabi/10.3.1/../../../../arm-none-eabi/lib/thumb/v7e-m/nofp\libg.a(lib_a-__call_atexit.o) (atexit)
e:/clionstm32tools/gcc-arm-none-eabi-10.3-2021.10/bin/../lib/gcc/arm-none-eabi/10.3.1/../../../../arm-none-eabi/lib/thumb/v7e-m/nofp\libg.a(lib_a-fini.o)
                              e:/clionstm32tools/gcc-arm-none-eabi-10.3-2021.10/bin/../lib/gcc/arm-none-eabi/10.3.1/../../../../arm-none-eabi/lib/thumb/v7e-m/nofp\libg.a(lib_a-__call_atexit.o) (__libc_fini_array)
e:/clionstm32tools/gcc-arm-none-eabi-10.3-2021.10/bin/../lib/gcc/arm-none-eabi/10.3.1/../../../../arm-none-eabi/lib/thumb/v7e-m/nofp\libg.a(lib_a-lock.o)
                              e:/clionstm32tools/gcc-arm-none-eabi-10.3-2021.10/bin/../lib/gcc/arm-none-eabi/10.3.1/../../../../arm-none-eabi/lib/thumb/v7e-m/nofp\libg.a(lib_a-__call_atexit.o) (__retarget_lock_acquire_recursive)
e:/clionstm32tools/gcc-arm-none-eabi-10.3-2021.10/bin/../lib/gcc/arm-none-eabi/10.3.1/../../../../arm-none-eabi/lib/thumb/v7e-m/nofp\libg.a(lib_a-svfprintf.o)
                              e:/clionstm32tools/gcc-arm-none-eabi-10.3-2021.10/bin/../lib/gcc/arm-none-eabi/10.3.1/../../../../arm-none-eabi/lib/thumb/v7e-m/nofp\libg.a(lib_a-vsnprintf.o) (_svfprintf_r)
e:/clionstm32tools/gcc-arm-none-eabi-10.3-2021.10/bin/../lib/gcc/arm-none-eabi/10.3.1/../../../../arm-none-eabi/lib/thumb/v7e-m/nofp\libg.a(lib_a-__atexit.o)
[...]
Memory Configuration

Name             Origin             Length             Attributes
CCMRAM           0x10000000         0x00010000         xrw
RAM              0x20000000         0x00020000         xrw
FLASH            0x08000000         0x00100000         xr
*default*        0x00000000         0xffffffff

Linker script and memory map

LOAD e:/clionstm32tools/gcc-arm-none-eabi-10.3-2021.10/bin/../lib/gcc/arm-none-eabi/10.3.1/thumb/v7e-m/nofp/crti.o
LOAD e:/clionstm32tools/gcc-arm-none-eabi-10.3-2021.10/bin/../lib/gcc/arm-none-eabi/10.3.1/thumb/v7e-m/nofp/crtbegin.o
LOAD e:/clionstm32tools/gcc-arm-none-eabi-10.3-2021.10/bin/../lib/gcc/arm-none-eabi/10.3.1/../../../../arm-none-eabi/lib/thumb/v7e-m/nofp/crt0.o
LOAD CMakeFiles/project.elf.dir/Core/Src/dma.c.obj
LOAD CMakeFiles/project.elf.dir/Core/Src/gpio.c.obj
LOAD CMakeFiles/project.elf.dir/Core/Src/i2s.c.obj
LOAD CMakeFiles/project.elf.dir/Core/Src/main.c.obj
LOAD CMakeFiles/project.elf.dir/Core/Src/stm32f4xx_hal_msp.c.obj
LOAD CMakeFiles/project.elf.dir/Core/Src/stm32f4xx_it.c.obj
LOAD CMakeFiles/project.elf.dir/Core/Src/syscalls.c.obj
LOAD CMakeFiles/project.elf.dir/Core/Src/sysmem.c.obj
LOAD CMakeFiles/project.elf.dir/Core/Src/system_stm32f4xx.c.obj
LOAD CMakeFiles/project.elf.dir/Core/Src/usb_user.c.obj
LOAD CMakeFiles/project.elf.dir/Core/Startup/startup_stm32f407zgtx.s.obj
LOAD CMakeFiles/project.elf.dir/Drivers/BSP/LED/led.c.obj
LOAD CMakeFiles/project.elf.dir/Drivers/STM32F4xx_HAL_Driver/Src/stm32f4xx_hal.c.obj
LOAD CMakeFiles/project.elf.dir/Drivers/STM32F4xx_HAL_Driver/Src/stm32f4xx_hal_cortex.c.obj
LOAD CMakeFiles/project.elf.dir/Drivers/STM32F4xx_HAL_Driver/Src/stm32f4xx_hal_dma.c.obj
LOAD CMakeFiles/project.elf.dir/Drivers/STM32F4xx_HAL_Driver/Src/stm32f4xx_hal_dma_ex.c.obj
LOAD CMakeFiles/project.elf.dir/Drivers/STM32F4xx_HAL_Driver/Src/stm32f4xx_hal_exti.c.obj
LOAD CMakeFiles/project.elf.dir/Drivers/STM32F4xx_HAL_Driver/Src/stm32f4xx_hal_flash.c.obj
LOAD CMakeFiles/project.elf.dir/Drivers/STM32F4xx_HAL_Driver/Src/stm32f4xx_hal_flash_ex.c.obj
LOAD CMakeFiles/project.elf.dir/Drivers/STM32F4xx_HAL_Driver/Src/stm32f4xx_hal_flash_ramfunc.c.obj
LOAD CMakeFiles/project.elf.dir/Drivers/STM32F4xx_HAL_Driver/Src/stm32f4xx_hal_gpio.c.obj
LOAD CMakeFiles/project.elf.dir/Drivers/STM32F4xx_HAL_Driver/Src/stm32f4xx_hal_i2s.c.obj
LOAD CMakeFiles/project.elf.dir/Drivers/STM32F4xx_HAL_Driver/Src/stm32f4xx_hal_i2s_ex.c.obj
LOAD CMakeFiles/project.elf.dir/Drivers/STM32F4xx_HAL_Driver/Src/stm32f4xx_hal_pcd.c.obj
LOAD CMakeFiles/project.elf.dir/Drivers/STM32F4xx_HAL_Driver/Src/stm32f4xx_hal_pcd_ex.c.obj
LOAD CMakeFiles/project.elf.dir/Drivers/STM32F4xx_HAL_Driver/Src/stm32f4xx_hal_pwr.c.obj
LOAD CMakeFiles/project.elf.dir/Drivers/STM32F4xx_HAL_Driver/Src/stm32f4xx_hal_pwr_ex.c.obj
LOAD CMakeFiles/project.elf.dir/Drivers/STM32F4xx_HAL_Driver/Src/stm32f4xx_hal_rcc.c.obj
LOAD CMakeFiles/project.elf.dir/Drivers/STM32F4xx_HAL_Driver/Src/stm32f4xx_hal_rcc_ex.c.obj
LOAD CMakeFiles/project.elf.dir/Drivers/STM32F4xx_HAL_Driver/Src/stm32f4xx_ll_usb.c.obj
LOAD CMakeFiles/project.elf.dir/Middlewares/ST/STM32_USB_Device_Library/Class/CDC/Src/usbd_cdc.c.obj
LOAD CMakeFiles/project.elf.dir/Middlewares/ST/STM32_USB_Device_Library/Core/Src/usbd_core.c.obj
LOAD CMakeFiles/project.elf.dir/Middlewares/ST/STM32_USB_Device_Library/Core/Src/usbd_ctlreq.c.obj
LOAD CMakeFiles/project.elf.dir/Middlewares/ST/STM32_USB_Device_Library/Core/Src/usbd_ioreq.c.obj
LOAD CMakeFiles/project.elf.dir/USB_DEVICE/App/usb_device.c.obj
LOAD CMakeFiles/project.elf.dir/USB_DEVICE/App/usbd_cdc_if.c.obj
LOAD CMakeFiles/project.elf.dir/USB_DEVICE/App/usbd_desc.c.obj
LOAD CMakeFiles/project.elf.dir/USB_DEVICE/Target/usbd_conf.c.obj
START GROUP
LOAD e:/clionstm32tools/gcc-arm-none-eabi-10.3-2021.10/bin/../lib/gcc/arm-none-eabi/10.3.1/thumb/v7e-m/nofp\libgcc.a
LOAD e:/clionstm32tools/gcc-arm-none-eabi-10.3-2021.10/bin/../lib/gcc/arm-none-eabi/10.3.1/../../../../arm-none-eabi/lib/thumb/v7e-m/nofp\libg.a
LOAD e:/clionstm32tools/gcc-arm-none-eabi-10.3-2021.10/bin/../lib/gcc/arm-none-eabi/10.3.1/../../../../arm-none-eabi/lib/thumb/v7e-m/nofp\libc.a
END GROUP
LOAD e:/clionstm32tools/gcc-arm-none-eabi-10.3-2021.10/bin/../lib/gcc/arm-none-eabi/10.3.1/thumb/v7e-m/nofp/crtend.o
LOAD e:/clionstm32tools/gcc-arm-none-eabi-10.3-2021.10/bin/../lib/gcc/arm-none-eabi/10.3.1/thumb/v7e-m/nofp/crtn.o
                0x20020000                _estack = (ORIGIN (RAM) + LENGTH (RAM))
                0x00000500                _Min_Heap_Size = 0x500
                0x00000500                _Min_Stack_Size = 0x500

.isr_vector     0x08000000      0x188
                0x08000000                . = ALIGN (0x4)
 *(.isr_vector)
 .isr_vector    0x08000000      0x188 CMakeFiles/project.elf.dir/Core/Startup/startup_stm32f407zgtx.s.obj
                0x08000000                g_pfnVectors
                0x08000188                . = ALIGN (0x4)

.text           0x080001c0     0xb7d0
                0x080001c0                . = ALIGN (0x4)
 *(.text)
 .text          0x080001c0       0x40 e:/clionstm32tools/gcc-arm-none-eabi-10.3-2021.10/bin/../lib/gcc/arm-none-eabi/10.3.1/thumb/v7e-m/nofp/crtbegin.o
 .text          0x08000200       0x30 e:/clionstm32tools/gcc-arm-none-eabi-10.3-2021.10/bin/../lib/gcc/arm-none-eabi/10.3.1/thumb/v7e-m/nofp\libgcc.a(_aeabi_uldivmod.o)
                0x08000200                __aeabi_uldivmod
 .text          0x08000230      0x2d0 e:/clionstm32tools/gcc-arm-none-eabi-10.3-2021.10/bin/../lib/gcc/arm-none-eabi/10.3.1/thumb/v7e-m/nofp\libgcc.a(_udivmoddi4.o)
                0x08000230                __udivmoddi4
 .text          0x08000500        0x4 e:/clionstm32tools/gcc-arm-none-eabi-10.3-2021.10/bin/../lib/gcc/arm-none-eabi/10.3.1/thumb/v7e-m/nofp\libgcc.a(_dvmd_tls.o)
                0x08000500                __aeabi_idiv0
                0x08000500                __aeabi_ldiv0
 *fill*         0x08000504        0xc 
 .text          0x08000510       0xa0 e:/clionstm32tools/gcc-arm-none-eabi-10.3-2021.10/bin/../lib/gcc/arm-none-eabi/10.3.1/../../../../arm-none-eabi/lib/thumb/v7e-m/nofp\libg.a(lib_a-memchr.o)
                0x08000510                memchr
 .text          0x080005b0      0x134 e:/clionstm32tools/gcc-arm-none-eabi-10.3-2021.10/bin/../lib/gcc/arm-none-eabi/10.3.1/../../../../arm-none-eabi/lib/thumb/v7e-m/nofp\libg.a(lib_a-memcpy.o)
                0x080005b0                memcpy
 *fill*         0x080006e4       0x1c 
 .text          0x08000700       0xdc e:/clionstm32tools/gcc-arm-none-eabi-10.3-2021.10/bin/../lib/gcc/arm-none-eabi/10.3.1/../../../../arm-none-eabi/lib/thumb/v7e-m/nofp\libg.a(lib_a-strlen.o)
                0x08000700                strlen
 .text          0x080007dc      0x378 e:/clionstm32tools/gcc-arm-none-eabi-10.3-2021.10/bin/../lib/gcc/arm-none-eabi/10.3.1/thumb/v7e-m/nofp\libgcc.a(_arm_addsubdf3.o)
                0x080007dc                __aeabi_drsub
                0x080007e4                __aeabi_dsub
                0x080007e4                __subdf3
                0x080007e8                __aeabi_dadd
                0x080007e8                __adddf3
                0x08000a60                __floatunsidf
                0x08000a60                __aeabi_ui2d
                0x08000a80                __floatsidf
                0x08000a80                __aeabi_i2d
                0x08000aa4                __aeabi_f2d
                0x08000aa4                __extendsfdf2
                0x08000ae8                __floatundidf
                0x08000ae8                __aeabi_ul2d
                0x08000af8                __floatdidf
                0x08000af8                __aeabi_l2d
 .text          0x08000b54      0x424 e:/clionstm32tools/gcc-arm-none-eabi-10.3-2021.10/bin/../lib/gcc/arm-none-eabi/10.3.1/thumb/v7e-m/nofp\libgcc.a(_arm_muldivdf3.o)
                0x08000b54                __aeabi_dmul
                0x08000b54                __muldf3
                0x08000da8                __divdf3
                0x08000da8                __aeabi_ddiv
 .text          0x08000f78      0x110 e:/clionstm32tools/gcc-arm-none-eabi-10.3-2021.10/bin/../lib/gcc/arm-none-eabi/10.3.1/thumb/v7e-m/nofp\libgcc.a(_arm_cmpdf2.o)
                0x08000f78                __gtdf2
                0x08000f78                __gedf2
                0x08000f80                __ltdf2
                0x08000f80                __ledf2
                0x08000f88                __nedf2
                0x08000f88                __eqdf2
                0x08000f88                __cmpdf2
                0x08001004                __aeabi_cdrcmple
                0x08001014                __aeabi_cdcmpeq
                0x08001014                __aeabi_cdcmple
                0x08001024                __aeabi_dcmpeq
                0x08001038                __aeabi_dcmplt
                0x0800104c                __aeabi_dcmple
                0x08001060                __aeabi_dcmpge
                0x08001074                __aeabi_dcmpgt
 .text          0x08001088       0x2c e:/clionstm32tools/gcc-arm-none-eabi-10.3-2021.10/bin/../lib/gcc/arm-none-eabi/10.3.1/thumb/v7e-m/nofp\libgcc.a(_arm_unorddf2.o)
                0x08001088                __unorddf2
                0x08001088                __aeabi_dcmpun
 .text          0x080010b4       0x50 e:/clionstm32tools/gcc-arm-none-eabi-10.3-2021.10/bin/../lib/gcc/arm-none-eabi/10.3.1/thumb/v7e-m/nofp\libgcc.a(_arm_fixdfsi.o)
                0x080010b4                __aeabi_d2iz
                0x080010b4                __fixdfsi
 *(.text*)
 .text.MX_DMA_Init
                0x08001104       0x44 CMakeFiles/project.elf.dir/Core/Src/dma.c.obj
                0x08001104                MX_DMA_Init
 .text.MX_GPIO_Init
                0x08001148       0xa8 CMakeFiles/project.elf.dir/Core/Src/gpio.c.obj
                0x08001148                MX_GPIO_Init
 .text.MX_I2S2_Init
                0x080011f0       0x3c CMakeFiles/project.elf.dir/Core/Src/i2s.c.obj
                0x080011f0                MX_I2S2_Init
 .text.MX_I2S3_Init
                0x0800122c       0x3c CMakeFiles/project.elf.dir/Core/Src/i2s.c.obj
                0x0800122c                MX_I2S3_Init
 .text.HAL_I2S_MspInit
                0x08001268      0x19c CMakeFiles/project.elf.dir/Core/Src/i2s.c.obj
                0x08001268                HAL_I2S_MspInit
 .text.Error_Handler
                0x08001404        0x4 CMakeFiles/project.elf.dir/Core/Src/main.c.obj
                0x08001404                Error_Handler
 .text.SystemClock_Config
                0x08001408       0xac CMakeFiles/project.elf.dir/Core/Src/main.c.obj
                0x08001408                SystemClock_Config
 .text.PeriphCommonClock_Config
                0x080014b4       0x2e CMakeFiles/project.elf.dir/Core/Src/main.c.obj
                0x080014b4                PeriphCommonClock_Config
 *fill*         0x080014e2        0x2 
 .text.main     0x080014e4       0x64 CMakeFiles/project.elf.dir/Core/Src/main.c.obj
                0x080014e4                main
 .text.HAL_MspInit
                0x08001548       0x38 CMakeFiles/project.elf.dir/Core/Src/stm32f4xx_hal_msp.c.obj
                0x08001548                HAL_MspInit
 .text.NMI_Handler
                0x08001580        0x2 CMakeFiles/project.elf.dir/Core/Src/stm32f4xx_it.c.obj
                0x08001580                NMI_Handler
 .text.HardFault_Handler
                0x08001582        0x2 CMakeFiles/project.elf.dir/Core/Src/stm32f4xx_it.c.obj
                0x08001582                HardFault_Handler
 .text.MemManage_Handler
                0x08001584        0x2 CMakeFiles/project.elf.dir/Core/Src/stm32f4xx_it.c.obj
                0x08001584                MemManage_Handler
 .text.BusFault_Handler
                0x08001586        0x2 CMakeFiles/project.elf.dir/Core/Src/stm32f4xx_it.c.obj
                0x08001586                BusFault_Handler
 .text.UsageFault_Handler
                0x08001588        0x2 CMakeFiles/project.elf.dir/Core/Src/stm32f4xx_it.c.obj
                0x08001588                UsageFault_Handler
 .text.SVC_Handler
                0x0800158a        0x2 CMakeFiles/project.elf.dir/Core/Src/stm32f4xx_it.c.obj
                0x0800158a                SVC_Handler
 .text.DebugMon_Handler
                0x0800158c        0x2 CMakeFiles/project.elf.dir/Core/Src/stm32f4xx_it.c.obj
                0x0800158c                DebugMon_Handler
 .text.PendSV_Handler
                0x0800158e        0x2 CMakeFiles/project.elf.dir/Core/Src/stm32f4xx_it.c.obj
                0x0800158e                PendSV_Handler
 .text.SysTick_Handler
                0x08001590        0x8 CMakeFiles/project.elf.dir/Core/Src/stm32f4xx_it.c.obj
                0x08001590                SysTick_Handler
 .text.DMA1_Stream4_IRQHandler
                0x08001598       0x10 CMakeFiles/project.elf.dir/Core/Src/stm32f4xx_it.c.obj
                0x08001598                DMA1_Stream4_IRQHandler
 .text.DMA1_Stream5_IRQHandler
                0x080015a8       0x10 CMakeFiles/project.elf.dir/Core/Src/stm32f4xx_it.c.obj
                0x080015a8                DMA1_Stream5_IRQHandler
 .text.OTG_FS_IRQHandler
                0x080015b8       0x10 CMakeFiles/project.elf.dir/Core/Src/stm32f4xx_it.c.obj
                0x080015b8                OTG_FS_IRQHandler
 .text._getpid  0x080015c8        0x4 CMakeFiles/project.elf.dir/Core/Src/syscalls.c.obj
                0x080015c8                _getpid
 .text._kill    0x080015cc       0x10 CMakeFiles/project.elf.dir/Core/Src/syscalls.c.obj
                0x080015cc                _kill
 .text._exit    0x080015dc        0xc CMakeFiles/project.elf.dir/Core/Src/syscalls.c.obj
                0x080015dc                _exit
 .text._read    0x080015e8       0x20 CMakeFiles/project.elf.dir/Core/Src/syscalls.c.obj
                0x080015e8                _read
 .text._write   0x08001608       0x1c CMakeFiles/project.elf.dir/Core/Src/syscalls.c.obj
                0x08001608                _write
 .text._close   0x08001624        0x6 CMakeFiles/project.elf.dir/Core/Src/syscalls.c.obj
                0x08001624                _close
 .text._fstat   0x0800162a        0xa CMakeFiles/project.elf.dir/Core/Src/syscalls.c.obj
                0x0800162a                _fstat
 .text._isatty  0x08001634        0x4 CMakeFiles/project.elf.dir/Core/Src/syscalls.c.obj
                0x08001634                _isatty
 .text._lseek   0x08001638        0x4 CMakeFiles/project.elf.dir/Core/Src/syscalls.c.obj
                0x08001638                _lseek
 .text._sbrk    0x0800163c       0x48 CMakeFiles/project.elf.dir/Core/Src/sysmem.c.obj
                0x0800163c                _sbrk
 .text.SystemInit
                0x08001684        0x2 CMakeFiles/project.elf.dir/Core/Src/system_stm32f4xx.c.obj
                0x08001684                SystemInit
 *fill*         0x08001686        0x2 
 .text.usb_printf
                0x08001688       0x30 CMakeFiles/project.elf.dir/Core/Src/usb_user.c.obj
                0x08001688                usb_printf
 .text.usb_vbc_Receive_It
                0x080016b8       0x1c CMakeFiles/project.elf.dir/Core/Src/usb_user.c.obj
                0x080016b8                usb_vbc_Receive_It
 .text.Rx_buffer_copy
                0x080016d4       0x34 CMakeFiles/project.elf.dir/Core/Src/usb_user.c.obj
                0x080016d4                Rx_buffer_copy
 .text.Rx_date_save
                0x08001708       0x2c CMakeFiles/project.elf.dir/Core/Src/usb_user.c.obj
                0x08001708                Rx_date_save
 .text.Reset_Handler
                0x08001734       0x50 CMakeFiles/project.elf.dir/Core/Startup/startup_stm32f407zgtx.s.obj
                0x08001734                Reset_Handler
 .text.Default_Handler
                0x08001784        0x2 CMakeFiles/project.elf.dir/Core/Startup/startup_stm32f407zgtx.s.obj
                0x08001784                RTC_Alarm_IRQHandler
                0x08001784                HASH_RNG_IRQHandler
                0x08001784                EXTI2_IRQHandler
                0x08001784                TIM8_CC_IRQHandler
                0x08001784                TIM1_CC_IRQHandler
                0x08001784                DMA2_Stream5_IRQHandler
                0x08001784                PVD_IRQHandler
                0x08001784                SDIO_IRQHandler
                0x08001784                TAMP_STAMP_IRQHandler
                0x08001784                CAN2_RX1_IRQHandler
                0x08001784                EXTI3_IRQHandler
                0x08001784                TIM8_TRG_COM_TIM14_IRQHandler
                0x08001784                TIM1_UP_TIM10_IRQHandler
                0x08001784                TIM8_UP_TIM13_IRQHandler
                0x08001784                I2C3_ER_IRQHandler
                0x08001784                EXTI0_IRQHandler
                0x08001784                I2C2_EV_IRQHandler
                0x08001784                DMA1_Stream2_IRQHandler
                0x08001784                CAN1_RX0_IRQHandler
                0x08001784                FPU_IRQHandler
                0x08001784                OTG_HS_WKUP_IRQHandler
                0x08001784                CAN2_SCE_IRQHandler
                0x08001784                DMA2_Stream2_IRQHandler
                0x08001784                SPI1_IRQHandler
                0x08001784                TIM6_DAC_IRQHandler
                0x08001784                TIM1_BRK_TIM9_IRQHandler
                0x08001784                DCMI_IRQHandler
                0x08001784                CAN2_RX0_IRQHandler
                0x08001784                DMA2_Stream3_IRQHandler
                0x08001784                USART6_IRQHandler
                0x08001784                USART3_IRQHandler
                0x08001784                CAN1_RX1_IRQHandler
                0x08001784                UART5_IRQHandler
                0x08001784                DMA2_Stream0_IRQHandler
                0x08001784                TIM4_IRQHandler
                0x08001784                I2C1_EV_IRQHandler
                0x08001784                DMA1_Stream6_IRQHandler
                0x08001784                DMA1_Stream1_IRQHandler
                0x08001784                UART4_IRQHandler
                0x08001784                TIM3_IRQHandler
                0x08001784                RCC_IRQHandler
                0x08001784                TIM8_BRK_TIM12_IRQHandler
                0x08001784                Default_Handler
                0x08001784                EXTI15_10_IRQHandler
                0x08001784                ADC_IRQHandler
                0x08001784                DMA1_Stream7_IRQHandler
                0x08001784                TIM7_IRQHandler
                0x08001784                CAN2_TX_IRQHandler
                0x08001784                TIM5_IRQHandler
                0x08001784                DMA2_Stream7_IRQHandler
                0x08001784                I2C3_EV_IRQHandler
                0x08001784                EXTI9_5_IRQHandler
                0x08001784                RTC_WKUP_IRQHandler
                0x08001784                ETH_WKUP_IRQHandler
                0x08001784                SPI2_IRQHandler
                0x08001784                OTG_HS_EP1_IN_IRQHandler
                0x08001784                DMA1_Stream0_IRQHandler
                0x08001784                CAN1_TX_IRQHandler
                0x08001784                EXTI4_IRQHandler
                0x08001784                FSMC_IRQHandler
                0x08001784                ETH_IRQHandler
                0x08001784                OTG_HS_EP1_OUT_IRQHandler
                0x08001784                WWDG_IRQHandler
                0x08001784                TIM2_IRQHandler
                0x08001784                OTG_FS_WKUP_IRQHandler
                0x08001784                TIM1_TRG_COM_TIM11_IRQHandler
                0x08001784                OTG_HS_IRQHandler
                0x08001784                EXTI1_IRQHandler
                0x08001784                USART2_IRQHandler
                0x08001784                I2C2_ER_IRQHandler
                0x08001784                DMA2_Stream1_IRQHandler
                0x08001784                CAN1_SCE_IRQHandler
                0x08001784                FLASH_IRQHandler
                0x08001784                DMA2_Stream4_IRQHandler
                0x08001784                USART1_IRQHandler
                0x08001784                SPI3_IRQHandler
                0x08001784                I2C1_ER_IRQHandler
                0x08001784                DMA2_Stream6_IRQHandler
                0x08001784                DMA1_Stream3_IRQHandler
 *fill*         0x08001786        0x2 
 .text.HAL_InitTick
                0x08001788       0x4c CMakeFiles/project.elf.dir/Drivers/STM32F4xx_HAL_Driver/Src/stm32f4xx_hal.c.obj
                0x08001788                HAL_InitTick
 .text.HAL_Init
                0x080017d4       0x34 CMakeFiles/project.elf.dir/Drivers/STM32F4xx_HAL_Driver/Src/stm32f4xx_hal.c.obj
                0x080017d4                HAL_Init
 .text.HAL_IncTick
                0x08001808       0x18 CMakeFiles/project.elf.dir/Drivers/STM32F4xx_HAL_Driver/Src/stm32f4xx_hal.c.obj
                0x08001808                HAL_IncTick
 .text.HAL_GetTick
                0x08001820        0xc CMakeFiles/project.elf.dir/Drivers/STM32F4xx_HAL_Driver/Src/stm32f4xx_hal.c.obj
                0x08001820                HAL_GetTick
 .text.HAL_Delay
                0x0800182c       0x28 CMakeFiles/project.elf.dir/Drivers/STM32F4xx_HAL_Driver/Src/stm32f4xx_hal.c.obj
                0x0800182c                HAL_Delay
 .text.HAL_NVIC_SetPriorityGrouping
                0x08001854       0x24 CMakeFiles/project.elf.dir/Drivers/STM32F4xx_HAL_Driver/Src/stm32f4xx_hal_cortex.c.obj
                0x08001854                HAL_NVIC_SetPriorityGrouping
 .text.HAL_NVIC_SetPriority
                0x08001878       0x70 CMakeFiles/project.elf.dir/Drivers/STM32F4xx_HAL_Driver/Src/stm32f4xx_hal_cortex.c.obj
                0x08001878                HAL_NVIC_SetPriority
 .text.HAL_NVIC_EnableIRQ
                0x080018e8       0x1c CMakeFiles/project.elf.dir/Drivers/STM32F4xx_HAL_Driver/Src/stm32f4xx_hal_cortex.c.obj
                0x080018e8                HAL_NVIC_EnableIRQ
 .text.HAL_SYSTICK_Config
                0x08001904       0x28 CMakeFiles/project.elf.dir/Drivers/STM32F4xx_HAL_Driver/Src/stm32f4xx_hal_cortex.c.obj
                0x08001904                HAL_SYSTICK_Config
 .text.DMA_CalcBaseAndBitshift
                0x0800192c       0x40 CMakeFiles/project.elf.dir/Drivers/STM32F4xx_HAL_Driver/Src/stm32f4xx_hal_dma.c.obj
 .text.DMA_CheckFifoParam
                0x0800196c       0x8e CMakeFiles/project.elf.dir/Drivers/STM32F4xx_HAL_Driver/Src/stm32f4xx_hal_dma.c.obj
 *fill*         0x080019fa        0x2 
 .text.HAL_DMA_Init
                0x080019fc       0xcc CMakeFiles/project.elf.dir/Drivers/STM32F4xx_HAL_Driver/Src/stm32f4xx_hal_dma.c.obj
                0x080019fc                HAL_DMA_Init
 .text.HAL_DMA_IRQHandler
                0x08001ac8      0x1dc CMakeFiles/project.elf.dir/Drivers/STM32F4xx_HAL_Driver/Src/stm32f4xx_hal_dma.c.obj
                0x08001ac8                HAL_DMA_IRQHandler
 .text.HAL_GPIO_Init
                0x08001ca4      0x1e4 CMakeFiles/project.elf.dir/Drivers/STM32F4xx_HAL_Driver/Src/stm32f4xx_hal_gpio.c.obj
                0x08001ca4                HAL_GPIO_Init
 .text.HAL_GPIO_WritePin
                0x08001e88        0xc CMakeFiles/project.elf.dir/Drivers/STM32F4xx_HAL_Driver/Src/stm32f4xx_hal_gpio.c.obj
                0x08001e88                HAL_GPIO_WritePin
 .text.HAL_GPIO_TogglePin
                0x08001e94       0x12 CMakeFiles/project.elf.dir/Drivers/STM32F4xx_HAL_Driver/Src/stm32f4xx_hal_gpio.c.obj
                0x08001e94                HAL_GPIO_TogglePin
 *fill*         0x08001ea6        0x2 
 .text.HAL_I2S_Init
                0x08001ea8      0x19c CMakeFiles/project.elf.dir/Drivers/STM32F4xx_HAL_Driver/Src/stm32f4xx_hal_i2s.c.obj
                0x08001ea8                HAL_I2S_Init
 .text.HAL_I2S_TxCpltCallback
                0x08002044        0x2 CMakeFiles/project.elf.dir/Drivers/STM32F4xx_HAL_Driver/Src/stm32f4xx_hal_i2s.c.obj
                0x08002044                HAL_I2S_TxCpltCallback
 .text.I2S_Transmit_IT
                0x08002046       0x38 CMakeFiles/project.elf.dir/Drivers/STM32F4xx_HAL_Driver/Src/stm32f4xx_hal_i2s.c.obj
 .text.HAL_I2S_RxCpltCallback
                0x0800207e        0x2 CMakeFiles/project.elf.dir/Drivers/STM32F4xx_HAL_Driver/Src/stm32f4xx_hal_i2s.c.obj
                0x0800207e                HAL_I2S_RxCpltCallback
 .text.I2S_Receive_IT
                0x08002080       0x38 CMakeFiles/project.elf.dir/Drivers/STM32F4xx_HAL_Driver/Src/stm32f4xx_hal_i2s.c.obj
 .text.HAL_I2S_ErrorCallback
                0x080020b8        0x2 CMakeFiles/project.elf.dir/Drivers/STM32F4xx_HAL_Driver/Src/stm32f4xx_hal_i2s.c.obj
                0x080020b8                HAL_I2S_ErrorCallback
 .text.I2S_IRQHandler
                0x080020ba       0xd0 CMakeFiles/project.elf.dir/Drivers/STM32F4xx_HAL_Driver/Src/stm32f4xx_hal_i2s.c.obj
 .text.HAL_I2SEx_TxRxCpltCallback
                0x0800218a        0x2 CMakeFiles/project.elf.dir/Drivers/STM32F4xx_HAL_Driver/Src/stm32f4xx_hal_i2s_ex.c.obj
                0x0800218a                HAL_I2SEx_TxRxCpltCallback
 .text.I2SEx_TxISR_I2S
                0x0800218c       0x3c CMakeFiles/project.elf.dir/Drivers/STM32F4xx_HAL_Driver/Src/stm32f4xx_hal_i2s_ex.c.obj
 .text.I2SEx_RxISR_I2SExt
                0x080021c8       0x64 CMakeFiles/project.elf.dir/Drivers/STM32F4xx_HAL_Driver/Src/stm32f4xx_hal_i2s_ex.c.obj
 .text.I2SEx_TxISR_I2SExt
                0x0800222c       0x64 CMakeFiles/project.elf.dir/Drivers/STM32F4xx_HAL_Driver/Src/stm32f4xx_hal_i2s_ex.c.obj
 .text.I2SEx_RxISR_I2S
                0x08002290       0x3c CMakeFiles/project.elf.dir/Drivers/STM32F4xx_HAL_Driver/Src/stm32f4xx_hal_i2s_ex.c.obj
 .text.HAL_I2SEx_FullDuplex_IRQHandler
                0x080022cc      0x1d8 CMakeFiles/project.elf.dir/Drivers/STM32F4xx_HAL_Driver/Src/stm32f4xx_hal_i2s_ex.c.obj
                0x080022cc                HAL_I2SEx_FullDuplex_IRQHandler
 .text.PCD_WriteEmptyTxFifo
                0x080024a4       0xd0 CMakeFiles/project.elf.dir/Drivers/STM32F4xx_HAL_Driver/Src/stm32f4xx_hal_pcd.c.obj
 .text.HAL_PCD_Init
                0x08002574      0x102 CMakeFiles/project.elf.dir/Drivers/STM32F4xx_HAL_Driver/Src/stm32f4xx_hal_pcd.c.obj
                0x08002574                HAL_PCD_Init
 .text.HAL_PCD_Start
                0x08002676       0x44 CMakeFiles/project.elf.dir/Drivers/STM32F4xx_HAL_Driver/Src/stm32f4xx_hal_pcd.c.obj
                0x08002676                HAL_PCD_Start
 *fill*         0x080026ba        0x2 
 .text.PCD_EP_OutXfrComplete_int
                0x080026bc      0x104 CMakeFiles/project.elf.dir/Drivers/STM32F4xx_HAL_Driver/Src/stm32f4xx_hal_pcd.c.obj
 .text.PCD_EP_OutSetupPacket_int
                0x080027c0       0x50 CMakeFiles/project.elf.dir/Drivers/STM32F4xx_HAL_Driver/Src/stm32f4xx_hal_pcd.c.obj
 .text.HAL_PCD_SetAddress
                0x08002810       0x26 CMakeFiles/project.elf.dir/Drivers/STM32F4xx_HAL_Driver/Src/stm32f4xx_hal_pcd.c.obj
                0x08002810                HAL_PCD_SetAddress
 .text.HAL_PCD_EP_Open
                0x08002836       0x8c CMakeFiles/project.elf.dir/Drivers/STM32F4xx_HAL_Driver/Src/stm32f4xx_hal_pcd.c.obj
                0x08002836                HAL_PCD_EP_Open
 .text.HAL_PCD_EP_Close
                0x080028c2       0x70 CMakeFiles/project.elf.dir/Drivers/STM32F4xx_HAL_Driver/Src/stm32f4xx_hal_pcd.c.obj
                0x080028c2                HAL_PCD_EP_Close
 .text.HAL_PCD_EP_Receive
                0x08002932       0x4a CMakeFiles/project.elf.dir/Drivers/STM32F4xx_HAL_Driver/Src/stm32f4xx_hal_pcd.c.obj
                0x08002932                HAL_PCD_EP_Receive
 .text.HAL_PCD_EP_GetRxCount
                0x0800297c       0x12 CMakeFiles/project.elf.dir/Drivers/STM32F4xx_HAL_Driver/Src/stm32f4xx_hal_pcd.c.obj
                0x0800297c                HAL_PCD_EP_GetRxCount
 .text.HAL_PCD_EP_Transmit
                0x0800298e       0x4a CMakeFiles/project.elf.dir/Drivers/STM32F4xx_HAL_Driver/Src/stm32f4xx_hal_pcd.c.obj
                0x0800298e                HAL_PCD_EP_Transmit
 .text.HAL_PCD_EP_SetStall
                0x080029d8       0x86 CMakeFiles/project.elf.dir/Drivers/STM32F4xx_HAL_Driver/Src/stm32f4xx_hal_pcd.c.obj
                0x080029d8                HAL_PCD_EP_SetStall
 .text.HAL_PCD_EP_ClrStall
                0x08002a5e       0x74 CMakeFiles/project.elf.dir/Drivers/STM32F4xx_HAL_Driver/Src/stm32f4xx_hal_pcd.c.obj
                0x08002a5e                HAL_PCD_EP_ClrStall
 .text.HAL_PCD_EP_Abort
                0x08002ad2       0x34 CMakeFiles/project.elf.dir/Drivers/STM32F4xx_HAL_Driver/Src/stm32f4xx_hal_pcd.c.obj
                0x08002ad2                HAL_PCD_EP_Abort
 .text.HAL_PCD_IRQHandler
                0x08002b06      0x5bc CMakeFiles/project.elf.dir/Drivers/STM32F4xx_HAL_Driver/Src/stm32f4xx_hal_pcd.c.obj
                0x08002b06                HAL_PCD_IRQHandler
 .text.HAL_PCDEx_SetTxFiFo
                0x080030c2       0x4a CMakeFiles/project.elf.dir/Drivers/STM32F4xx_HAL_Driver/Src/stm32f4xx_hal_pcd_ex.c.obj
                0x080030c2                HAL_PCDEx_SetTxFiFo
 .text.HAL_PCDEx_SetRxFiFo
                0x0800310c        0x8 CMakeFiles/project.elf.dir/Drivers/STM32F4xx_HAL_Driver/Src/stm32f4xx_hal_pcd_ex.c.obj
                0x0800310c                HAL_PCDEx_SetRxFiFo
 .text.HAL_PCDEx_LPM_Callback
                0x08003114        0x2 CMakeFiles/project.elf.dir/Drivers/STM32F4xx_HAL_Driver/Src/stm32f4xx_hal_pcd_ex.c.obj
                0x08003114                HAL_PCDEx_LPM_Callback
 *fill*         0x08003116        0x2 
 .text.HAL_RCC_OscConfig
                0x08003118      0x3f8 CMakeFiles/project.elf.dir/Drivers/STM32F4xx_HAL_Driver/Src/stm32f4xx_hal_rcc.c.obj
                0x08003118                HAL_RCC_OscConfig
 .text.HAL_RCC_GetSysClockFreq
                0x08003510       0xa4 CMakeFiles/project.elf.dir/Drivers/STM32F4xx_HAL_Driver/Src/stm32f4xx_hal_rcc.c.obj
                0x08003510                HAL_RCC_GetSysClockFreq
 .text.HAL_RCC_ClockConfig
                0x080035b4      0x160 CMakeFiles/project.elf.dir/Drivers/STM32F4xx_HAL_Driver/Src/stm32f4xx_hal_rcc.c.obj
                0x080035b4                HAL_RCC_ClockConfig
 .text.HAL_RCC_GetHCLKFreq
                0x08003714        0xc CMakeFiles/project.elf.dir/Drivers/STM32F4xx_HAL_Driver/Src/stm32f4xx_hal_rcc.c.obj
                0x08003714                HAL_RCC_GetHCLKFreq
 .text.HAL_RCCEx_PeriphCLKConfig
                0x08003720      0x154 CMakeFiles/project.elf.dir/Drivers/STM32F4xx_HAL_Driver/Src/stm32f4xx_hal_rcc_ex.c.obj
                0x08003720                HAL_RCCEx_PeriphCLKConfig
 .text.HAL_RCCEx_GetPeriphCLKFreq
                0x08003874       0x70 CMakeFiles/project.elf.dir/Drivers/STM32F4xx_HAL_Driver/Src/stm32f4xx_hal_rcc_ex.c.obj
                0x08003874                HAL_RCCEx_GetPeriphCLKFreq
 .text.USB_CoreReset
                0x080038e4       0x4a CMakeFiles/project.elf.dir/Drivers/STM32F4xx_HAL_Driver/Src/stm32f4xx_ll_usb.c.obj
 .text.USB_CoreInit
                0x0800392e       0x92 CMakeFiles/project.elf.dir/Drivers/STM32F4xx_HAL_Driver/Src/stm32f4xx_ll_usb.c.obj
                0x0800392e                USB_CoreInit
 .text.USB_SetTurnaroundTime
                0x080039c0       0xe4 CMakeFiles/project.elf.dir/Drivers/STM32F4xx_HAL_Driver/Src/stm32f4xx_ll_usb.c.obj
                0x080039c0                USB_SetTurnaroundTime
 .text.USB_EnableGlobalInt
                0x08003aa4        0xc CMakeFiles/project.elf.dir/Drivers/STM32F4xx_HAL_Driver/Src/stm32f4xx_ll_usb.c.obj
                0x08003aa4                USB_EnableGlobalInt
 .text.USB_DisableGlobalInt
                0x08003ab0        0xc CMakeFiles/project.elf.dir/Drivers/STM32F4xx_HAL_Driver/Src/stm32f4xx_ll_usb.c.obj
                0x08003ab0                USB_DisableGlobalInt
 .text.USB_FlushTxFifo
                0x08003abc       0x4a CMakeFiles/project.elf.dir/Drivers/STM32F4xx_HAL_Driver/Src/stm32f4xx_ll_usb.c.obj
                0x08003abc                USB_FlushTxFifo
 .text.USB_FlushRxFifo
                0x08003b06       0x46 CMakeFiles/project.elf.dir/Drivers/STM32F4xx_HAL_Driver/Src/stm32f4xx_ll_usb.c.obj
                0x08003b06                USB_FlushRxFifo
 .text.USB_SetDevSpeed
                0x08003b4c        0xe CMakeFiles/project.elf.dir/Drivers/STM32F4xx_HAL_Driver/Src/stm32f4xx_ll_usb.c.obj
                0x08003b4c                USB_SetDevSpeed
 *fill*         0x08003b5a        0x2 
 .text.USB_DevInit
                0x08003b5c      0x194 CMakeFiles/project.elf.dir/Drivers/STM32F4xx_HAL_Driver/Src/stm32f4xx_ll_usb.c.obj
                0x08003b5c                USB_DevInit
 .text.USB_GetDevSpeed
                0x08003cf0       0x22 CMakeFiles/project.elf.dir/Drivers/STM32F4xx_HAL_Driver/Src/stm32f4xx_ll_usb.c.obj
                0x08003cf0                USB_GetDevSpeed
 .text.USB_ActivateEndpoint
                0x08003d12       0x9c CMakeFiles/project.elf.dir/Drivers/STM32F4xx_HAL_Driver/Src/stm32f4xx_ll_usb.c.obj
                0x08003d12                USB_ActivateEndpoint
 *fill*         0x08003dae        0x2 
 .text.USB_DeactivateEndpoint
                0x08003db0       0xe0 CMakeFiles/project.elf.dir/Drivers/STM32F4xx_HAL_Driver/Src/stm32f4xx_ll_usb.c.obj
                0x08003db0                USB_DeactivateEndpoint
 .text.USB_EPStopXfer
                0x08003e90       0xbc CMakeFiles/project.elf.dir/Drivers/STM32F4xx_HAL_Driver/Src/stm32f4xx_ll_usb.c.obj
                0x08003e90                USB_EPStopXfer
 .text.USB_WritePacket
                0x08003f4c       0x2e CMakeFiles/project.elf.dir/Drivers/STM32F4xx_HAL_Driver/Src/stm32f4xx_ll_usb.c.obj
                0x08003f4c                USB_WritePacket
 *fill*         0x08003f7a        0x2 
 .text.USB_EPStartXfer
                0x08003f7c      0x248 CMakeFiles/project.elf.dir/Drivers/STM32F4xx_HAL_Driver/Src/stm32f4xx_ll_usb.c.obj
                0x08003f7c                USB_EPStartXfer
 .text.USB_ReadPacket
                0x080041c4       0x54 CMakeFiles/project.elf.dir/Drivers/STM32F4xx_HAL_Driver/Src/stm32f4xx_ll_usb.c.obj
                0x080041c4                USB_ReadPacket
 .text.USB_EPSetStall
                0x08004218       0x5a CMakeFiles/project.elf.dir/Drivers/STM32F4xx_HAL_Driver/Src/stm32f4xx_ll_usb.c.obj
                0x08004218                USB_EPSetStall
 .text.USB_EPClearStall
                0x08004272       0x5c CMakeFiles/project.elf.dir/Drivers/STM32F4xx_HAL_Driver/Src/stm32f4xx_ll_usb.c.obj
                0x08004272                USB_EPClearStall
 .text.USB_SetDevAddress
                0x080042ce       0x20 CMakeFiles/project.elf.dir/Drivers/STM32F4xx_HAL_Driver/Src/stm32f4xx_ll_usb.c.obj
                0x080042ce                USB_SetDevAddress
 .text.USB_DevConnect
                0x080042ee       0x1c CMakeFiles/project.elf.dir/Drivers/STM32F4xx_HAL_Driver/Src/stm32f4xx_ll_usb.c.obj
                0x080042ee                USB_DevConnect
 .text.USB_DevDisconnect
                0x0800430a       0x1c CMakeFiles/project.elf.dir/Drivers/STM32F4xx_HAL_Driver/Src/stm32f4xx_ll_usb.c.obj
                0x0800430a                USB_DevDisconnect
 .text.USB_ReadInterrupts
                0x08004326        0x8 CMakeFiles/project.elf.dir/Drivers/STM32F4xx_HAL_Driver/Src/stm32f4xx_ll_usb.c.obj
                0x08004326                USB_ReadInterrupts
 .text.USB_ReadDevAllOutEpInterrupt
                0x0800432e       0x10 CMakeFiles/project.elf.dir/Drivers/STM32F4xx_HAL_Driver/Src/stm32f4xx_ll_usb.c.obj
                0x0800432e                USB_ReadDevAllOutEpInterrupt
 .text.USB_ReadDevAllInEpInterrupt
                0x0800433e       0x10 CMakeFiles/project.elf.dir/Drivers/STM32F4xx_HAL_Driver/Src/stm32f4xx_ll_usb.c.obj
                0x0800433e                USB_ReadDevAllInEpInterrupt
 .text.USB_ReadDevOutEPInterrupt
                0x0800434e       0x12 CMakeFiles/project.elf.dir/Drivers/STM32F4xx_HAL_Driver/Src/stm32f4xx_ll_usb.c.obj
                0x0800434e                USB_ReadDevOutEPInterrupt
 .text.USB_ReadDevInEPInterrupt
                0x08004360       0x26 CMakeFiles/project.elf.dir/Drivers/STM32F4xx_HAL_Driver/Src/stm32f4xx_ll_usb.c.obj
                0x08004360                USB_ReadDevInEPInterrupt
 .text.USB_GetMode
                0x08004386        0x8 CMakeFiles/project.elf.dir/Drivers/STM32F4xx_HAL_Driver/Src/stm32f4xx_ll_usb.c.obj
                0x08004386                USB_GetMode
 .text.USB_SetCurrentMode
                0x0800438e       0x62 CMakeFiles/project.elf.dir/Drivers/STM32F4xx_HAL_Driver/Src/stm32f4xx_ll_usb.c.obj
                0x0800438e                USB_SetCurrentMode
 .text.USB_ActivateSetup
                0x080043f0       0x20 CMakeFiles/project.elf.dir/Drivers/STM32F4xx_HAL_Driver/Src/stm32f4xx_ll_usb.c.obj
                0x080043f0                USB_ActivateSetup
 .text.USB_EP0_OutStart
                0x08004410       0x5c CMakeFiles/project.elf.dir/Drivers/STM32F4xx_HAL_Driver/Src/stm32f4xx_ll_usb.c.obj
                0x08004410                USB_EP0_OutStart
 .text.USBD_CDC_EP0_RxReady
                0x0800446c       0x40 CMakeFiles/project.elf.dir/Middlewares/ST/STM32_USB_Device_Library/Class/CDC/Src/usbd_cdc.c.obj
 .text.USBD_CDC_GetDeviceQualifierDescriptor
                0x080044ac        0xc CMakeFiles/project.elf.dir/Middlewares/ST/STM32_USB_Device_Library/Class/CDC/Src/usbd_cdc.c.obj
                0x080044ac                USBD_CDC_GetDeviceQualifierDescriptor
 .text.USBD_CDC_GetOtherSpeedCfgDesc
                0x080044b8       0x48 CMakeFiles/project.elf.dir/Middlewares/ST/STM32_USB_Device_Library/Class/CDC/Src/usbd_cdc.c.obj
 .text.USBD_CDC_GetFSCfgDesc
                0x08004500       0x48 CMakeFiles/project.elf.dir/Middlewares/ST/STM32_USB_Device_Library/Class/CDC/Src/usbd_cdc.c.obj
 .text.USBD_CDC_GetHSCfgDesc
                0x08004548       0x48 CMakeFiles/project.elf.dir/Middlewares/ST/STM32_USB_Device_Library/Class/CDC/Src/usbd_cdc.c.obj
 .text.USBD_CDC_DataOut
                0x08004590       0x38 CMakeFiles/project.elf.dir/Middlewares/ST/STM32_USB_Device_Library/Class/CDC/Src/usbd_cdc.c.obj
 .text.USBD_CDC_DataIn
                0x080045c8       0x7c CMakeFiles/project.elf.dir/Middlewares/ST/STM32_USB_Device_Library/Class/CDC/Src/usbd_cdc.c.obj
 .text.USBD_CDC_Setup
                0x08004644      0x11a CMakeFiles/project.elf.dir/Middlewares/ST/STM32_USB_Device_Library/Class/CDC/Src/usbd_cdc.c.obj
 .text.USBD_CDC_DeInit
                0x0800475e       0x64 CMakeFiles/project.elf.dir/Middlewares/ST/STM32_USB_Device_Library/Class/CDC/Src/usbd_cdc.c.obj
 .text.USBD_CDC_Init
                0x080047c2       0xee CMakeFiles/project.elf.dir/Middlewares/ST/STM32_USB_Device_Library/Class/CDC/Src/usbd_cdc.c.obj
 .text.USBD_CDC_RegisterInterface
                0x080048b0       0x16 CMakeFiles/project.elf.dir/Middlewares/ST/STM32_USB_Device_Library/Class/CDC/Src/usbd_cdc.c.obj
                0x080048b0                USBD_CDC_RegisterInterface
 .text.USBD_CDC_SetTxBuffer
                0x080048c6       0x1c CMakeFiles/project.elf.dir/Middlewares/ST/STM32_USB_Device_Library/Class/CDC/Src/usbd_cdc.c.obj
                0x080048c6                USBD_CDC_SetTxBuffer
 .text.USBD_CDC_SetRxBuffer
                0x080048e2       0x18 CMakeFiles/project.elf.dir/Middlewares/ST/STM32_USB_Device_Library/Class/CDC/Src/usbd_cdc.c.obj
                0x080048e2                USBD_CDC_SetRxBuffer
 .text.USBD_CDC_TransmitPacket
                0x080048fa       0x3a CMakeFiles/project.elf.dir/Middlewares/ST/STM32_USB_Device_Library/Class/CDC/Src/usbd_cdc.c.obj
                0x080048fa                USBD_CDC_TransmitPacket
 .text.USBD_CDC_ReceivePacket
                0x08004934       0x38 CMakeFiles/project.elf.dir/Middlewares/ST/STM32_USB_Device_Library/Class/CDC/Src/usbd_cdc.c.obj
                0x08004934                USBD_CDC_ReceivePacket
 .text.USBD_Init
                0x0800496c       0x2e CMakeFiles/project.elf.dir/Middlewares/ST/STM32_USB_Device_Library/Core/Src/usbd_core.c.obj
                0x0800496c                USBD_Init
 .text.USBD_RegisterClass
                0x0800499a       0x34 CMakeFiles/project.elf.dir/Middlewares/ST/STM32_USB_Device_Library/Core/Src/usbd_core.c.obj
                0x0800499a                USBD_RegisterClass
 .text.USBD_Start
                0x080049ce        0x8 CMakeFiles/project.elf.dir/Middlewares/ST/STM32_USB_Device_Library/Core/Src/usbd_core.c.obj
                0x080049ce                USBD_Start
 .text.USBD_SetClassConfig
                0x080049d6       0x12 CMakeFiles/project.elf.dir/Middlewares/ST/STM32_USB_Device_Library/Core/Src/usbd_core.c.obj
                0x080049d6                USBD_SetClassConfig
 .text.USBD_ClrClassConfig
                0x080049e8       0x12 CMakeFiles/project.elf.dir/Middlewares/ST/STM32_USB_Device_Library/Core/Src/usbd_core.c.obj
                0x080049e8                USBD_ClrClassConfig
 .text.USBD_LL_SetupStage
                0x080049fa       0x58 CMakeFiles/project.elf.dir/Middlewares/ST/STM32_USB_Device_Library/Core/Src/usbd_core.c.obj
                0x080049fa                USBD_LL_SetupStage
 .text.USBD_LL_Reset
                0x08004a52       0x64 CMakeFiles/project.elf.dir/Middlewares/ST/STM32_USB_Device_Library/Core/Src/usbd_core.c.obj
                0x08004a52                USBD_LL_Reset
 .text.USBD_LL_SetSpeed
                0x08004ab6        0x6 CMakeFiles/project.elf.dir/Middlewares/ST/STM32_USB_Device_Library/Core/Src/usbd_core.c.obj
                0x08004ab6                USBD_LL_SetSpeed
 .text.USBD_LL_Suspend
                0x08004abc       0x1e CMakeFiles/project.elf.dir/Middlewares/ST/STM32_USB_Device_Library/Core/Src/usbd_core.c.obj
                0x08004abc                USBD_LL_Suspend
 .text.USBD_LL_Resume
                0x08004ada       0x1a CMakeFiles/project.elf.dir/Middlewares/ST/STM32_USB_Device_Library/Core/Src/usbd_core.c.obj
                0x08004ada                USBD_LL_Resume
 .text.USBD_LL_SOF
                0x08004af4       0x22 CMakeFiles/project.elf.dir/Middlewares/ST/STM32_USB_Device_Library/Core/Src/usbd_core.c.obj
                0x08004af4                USBD_LL_SOF
 .text.USBD_LL_IsoINIncomplete
                0x08004b16       0x2e CMakeFiles/project.elf.dir/Middlewares/ST/STM32_USB_Device_Library/Core/Src/usbd_core.c.obj
                0x08004b16                USBD_LL_IsoINIncomplete
 .text.USBD_LL_IsoOUTIncomplete
                0x08004b44       0x2e CMakeFiles/project.elf.dir/Middlewares/ST/STM32_USB_Device_Library/Core/Src/usbd_core.c.obj
                0x08004b44                USBD_LL_IsoOUTIncomplete
 .text.USBD_LL_DevConnected
                0x08004b72        0x4 CMakeFiles/project.elf.dir/Middlewares/ST/STM32_USB_Device_Library/Core/Src/usbd_core.c.obj
                0x08004b72                USBD_LL_DevConnected
 .text.USBD_LL_DevDisconnected
                0x08004b76       0x20 CMakeFiles/project.elf.dir/Middlewares/ST/STM32_USB_Device_Library/Core/Src/usbd_core.c.obj
                0x08004b76                USBD_LL_DevDisconnected
 .text.USBD_CoreFindIF
                0x08004b96        0x4 CMakeFiles/project.elf.dir/Middlewares/ST/STM32_USB_Device_Library/Core/Src/usbd_core.c.obj
                0x08004b96                USBD_CoreFindIF
 .text.USBD_CoreFindEP
                0x08004b9a        0x4 CMakeFiles/project.elf.dir/Middlewares/ST/STM32_USB_Device_Library/Core/Src/usbd_core.c.obj
                0x08004b9a                USBD_CoreFindEP
 .text.USBD_LL_DataOutStage
                0x08004b9e       0xc6 CMakeFiles/project.elf.dir/Middlewares/ST/STM32_USB_Device_Library/Core/Src/usbd_core.c.obj
                0x08004b9e                USBD_LL_DataOutStage
 .text.USBD_LL_DataInStage
                0x08004c64       0xd6 CMakeFiles/project.elf.dir/Middlewares/ST/STM32_USB_Device_Library/Core/Src/usbd_core.c.obj
                0x08004c64                USBD_LL_DataInStage
 .text.USBD_GetNextDesc
                0x08004d3a        0xe CMakeFiles/project.elf.dir/Middlewares/ST/STM32_USB_Device_Library/Core/Src/usbd_core.c.obj
                0x08004d3a                USBD_GetNextDesc
 .text.USBD_GetEpDesc
                0x08004d48       0x3e CMakeFiles/project.elf.dir/Middlewares/ST/STM32_USB_Device_Library/Core/Src/usbd_core.c.obj
                0x08004d48                USBD_GetEpDesc
 .text.USBD_GetLen
                0x08004d86       0x14 CMakeFiles/project.elf.dir/Middlewares/ST/STM32_USB_Device_Library/Core/Src/usbd_ctlreq.c.obj
 .text.USBD_ParseSetupRequest
                0x08004d9a       0x28 CMakeFiles/project.elf.dir/Middlewares/ST/STM32_USB_Device_Library/Core/Src/usbd_ctlreq.c.obj
                0x08004d9a                USBD_ParseSetupRequest
 .text.USBD_CtlError
                0x08004dc2       0x14 CMakeFiles/project.elf.dir/Middlewares/ST/STM32_USB_Device_Library/Core/Src/usbd_ctlreq.c.obj
                0x08004dc2                USBD_CtlError
 .text.USBD_GetDescriptor
                0x08004dd6      0x18a CMakeFiles/project.elf.dir/Middlewares/ST/STM32_USB_Device_Library/Core/Src/usbd_ctlreq.c.obj
 .text.USBD_SetAddress
                0x08004f60       0x50 CMakeFiles/project.elf.dir/Middlewares/ST/STM32_USB_Device_Library/Core/Src/usbd_ctlreq.c.obj
 .text.USBD_SetConfig
                0x08004fb0       0xcc CMakeFiles/project.elf.dir/Middlewares/ST/STM32_USB_Device_Library/Core/Src/usbd_ctlreq.c.obj
 .text.USBD_GetConfig
                0x0800507c       0x40 CMakeFiles/project.elf.dir/Middlewares/ST/STM32_USB_Device_Library/Core/Src/usbd_ctlreq.c.obj
 .text.USBD_GetStatus
                0x080050bc       0x38 CMakeFiles/project.elf.dir/Middlewares/ST/STM32_USB_Device_Library/Core/Src/usbd_ctlreq.c.obj
 .text.USBD_SetFeature
                0x080050f4       0x2a CMakeFiles/project.elf.dir/Middlewares/ST/STM32_USB_Device_Library/Core/Src/usbd_ctlreq.c.obj
 .text.USBD_ClrFeature
                0x0800511e       0x26 CMakeFiles/project.elf.dir/Middlewares/ST/STM32_USB_Device_Library/Core/Src/usbd_ctlreq.c.obj
 .text.USBD_StdDevReq
                0x08005144       0x76 CMakeFiles/project.elf.dir/Middlewares/ST/STM32_USB_Device_Library/Core/Src/usbd_ctlreq.c.obj
                0x08005144                USBD_StdDevReq
 .text.USBD_StdItfReq
                0x080051ba       0x84 CMakeFiles/project.elf.dir/Middlewares/ST/STM32_USB_Device_Library/Core/Src/usbd_ctlreq.c.obj
                0x080051ba                USBD_StdItfReq
 .text.USBD_StdEPReq
                0x0800523e      0x230 CMakeFiles/project.elf.dir/Middlewares/ST/STM32_USB_Device_Library/Core/Src/usbd_ctlreq.c.obj
                0x0800523e                USBD_StdEPReq
 .text.USBD_GetString
                0x0800546e       0x46 CMakeFiles/project.elf.dir/Middlewares/ST/STM32_USB_Device_Library/Core/Src/usbd_ctlreq.c.obj
                0x0800546e                USBD_GetString
 .text.USBD_CtlSendData
                0x080054b4       0x1a CMakeFiles/project.elf.dir/Middlewares/ST/STM32_USB_Device_Library/Core/Src/usbd_ioreq.c.obj
                0x080054b4                USBD_CtlSendData
 .text.USBD_CtlContinueSendData
                0x080054ce       0x10 CMakeFiles/project.elf.dir/Middlewares/ST/STM32_USB_Device_Library/Core/Src/usbd_ioreq.c.obj
                0x080054ce                USBD_CtlContinueSendData
 .text.USBD_CtlPrepareRx
                0x080054de       0x1e CMakeFiles/project.elf.dir/Middlewares/ST/STM32_USB_Device_Library/Core/Src/usbd_ioreq.c.obj
                0x080054de                USBD_CtlPrepareRx
 .text.USBD_CtlContinueRx
                0x080054fc       0x10 CMakeFiles/project.elf.dir/Middlewares/ST/STM32_USB_Device_Library/Core/Src/usbd_ioreq.c.obj
                0x080054fc                USBD_CtlContinueRx
 .text.USBD_CtlSendStatus
                0x0800550c       0x16 CMakeFiles/project.elf.dir/Middlewares/ST/STM32_USB_Device_Library/Core/Src/usbd_ioreq.c.obj
                0x0800550c                USBD_CtlSendStatus
 .text.USBD_CtlReceiveStatus
                0x08005522       0x16 CMakeFiles/project.elf.dir/Middlewares/ST/STM32_USB_Device_Library/Core/Src/usbd_ioreq.c.obj
                0x08005522                USBD_CtlReceiveStatus
 .text.MX_USB_DEVICE_Init
                0x08005538       0x54 CMakeFiles/project.elf.dir/USB_DEVICE/App/usb_device.c.obj
                0x08005538                MX_USB_DEVICE_Init
 .text.CDC_DeInit_FS
                0x0800558c        0x4 CMakeFiles/project.elf.dir/USB_DEVICE/App/usbd_cdc_if.c.obj
 .text.CDC_Control_FS
                0x08005590        0x4 CMakeFiles/project.elf.dir/USB_DEVICE/App/usbd_cdc_if.c.obj
 .text.CDC_TransmitCplt_FS
                0x08005594        0x4 CMakeFiles/project.elf.dir/USB_DEVICE/App/usbd_cdc_if.c.obj
 .text.CDC_Receive_FS
                0x08005598       0x88 CMakeFiles/project.elf.dir/USB_DEVICE/App/usbd_cdc_if.c.obj
 .text.CDC_Init_FS
                0x08005620       0x28 CMakeFiles/project.elf.dir/USB_DEVICE/App/usbd_cdc_if.c.obj
 .text.CDC_Transmit_FS
                0x08005648       0x2c CMakeFiles/project.elf.dir/USB_DEVICE/App/usbd_cdc_if.c.obj
                0x08005648                CDC_Transmit_FS
 .text.USBD_FS_DeviceDescriptor
                0x08005674        0xc CMakeFiles/project.elf.dir/USB_DEVICE/App/usbd_desc.c.obj
                0x08005674                USBD_FS_DeviceDescriptor
 .text.USBD_FS_LangIDStrDescriptor
                0x08005680        0xc CMakeFiles/project.elf.dir/USB_DEVICE/App/usbd_desc.c.obj
                0x08005680                USBD_FS_LangIDStrDescriptor
 .text.IntToUnicode
                0x0800568c       0x46 CMakeFiles/project.elf.dir/USB_DEVICE/App/usbd_desc.c.obj
 *fill*         0x080056d2        0x2 
 .text.Get_SerialNum
                0x080056d4       0x38 CMakeFiles/project.elf.dir/USB_DEVICE/App/usbd_desc.c.obj
 .text.USBD_FS_SerialStrDescriptor
                0x0800570c       0x14 CMakeFiles/project.elf.dir/USB_DEVICE/App/usbd_desc.c.obj
                0x0800570c                USBD_FS_SerialStrDescriptor
 .text.USBD_FS_ProductStrDescriptor
                0x08005720       0x24 CMakeFiles/project.elf.dir/USB_DEVICE/App/usbd_desc.c.obj
                0x08005720                USBD_FS_ProductStrDescriptor
 .text.USBD_FS_ManufacturerStrDescriptor
                0x08005744       0x1c CMakeFiles/project.elf.dir/USB_DEVICE/App/usbd_desc.c.obj
                0x08005744                USBD_FS_ManufacturerStrDescriptor
 .text.USBD_FS_ConfigStrDescriptor
                0x08005760       0x24 CMakeFiles/project.elf.dir/USB_DEVICE/App/usbd_desc.c.obj
                0x08005760                USBD_FS_ConfigStrDescriptor
 .text.USBD_FS_InterfaceStrDescriptor
                0x08005784       0x24 CMakeFiles/project.elf.dir/USB_DEVICE/App/usbd_desc.c.obj
                0x08005784                USBD_FS_InterfaceStrDescriptor
 .text.HAL_PCD_MspInit
                0x080057a8       0xb0 CMakeFiles/project.elf.dir/USB_DEVICE/Target/usbd_conf.c.obj
                0x080057a8                HAL_PCD_MspInit
 .text.HAL_PCD_SetupStageCallback
                0x08005858       0x10 CMakeFiles/project.elf.dir/USB_DEVICE/Target/usbd_conf.c.obj
                0x08005858                HAL_PCD_SetupStageCallback
 .text.HAL_PCD_DataOutStageCallback
                0x08005868       0x18 CMakeFiles/project.elf.dir/USB_DEVICE/Target/usbd_conf.c.obj
                0x08005868                HAL_PCD_DataOutStageCallback
 .text.HAL_PCD_DataInStageCallback
                0x08005880       0x16 CMakeFiles/project.elf.dir/USB_DEVICE/Target/usbd_conf.c.obj
                0x08005880                HAL_PCD_DataInStageCallback
 .text.HAL_PCD_SOFCallback
                0x08005896        0xc CMakeFiles/project.elf.dir/USB_DEVICE/Target/usbd_conf.c.obj
                0x08005896                HAL_PCD_SOFCallback
 .text.HAL_PCD_ResetCallback
                0x080058a2       0x28 CMakeFiles/project.elf.dir/USB_DEVICE/Target/usbd_conf.c.obj
                0x080058a2                HAL_PCD_ResetCallback
 *fill*         0x080058ca        0x2 
 .text.HAL_PCD_SuspendCallback
                0x080058cc       0x30 CMakeFiles/project.elf.dir/USB_DEVICE/Target/usbd_conf.c.obj
                0x080058cc                HAL_PCD_SuspendCallback
 .text.HAL_PCD_ResumeCallback
                0x080058fc        0xc CMakeFiles/project.elf.dir/USB_DEVICE/Target/usbd_conf.c.obj
                0x080058fc                HAL_PCD_ResumeCallback
 .text.HAL_PCD_ISOOUTIncompleteCallback
                0x08005908        0xc CMakeFiles/project.elf.dir/USB_DEVICE/Target/usbd_conf.c.obj
                0x08005908                HAL_PCD_ISOOUTIncompleteCallback
 .text.HAL_PCD_ISOINIncompleteCallback
                0x08005914        0xc CMakeFiles/project.elf.dir/USB_DEVICE/Target/usbd_conf.c.obj
                0x08005914                HAL_PCD_ISOINIncompleteCallback
 .text.HAL_PCD_ConnectCallback
                0x08005920        0xc CMakeFiles/project.elf.dir/USB_DEVICE/Target/usbd_conf.c.obj
                0x08005920                HAL_PCD_ConnectCallback
 .text.HAL_PCD_DisconnectCallback
                0x0800592c        0xc CMakeFiles/project.elf.dir/USB_DEVICE/Target/usbd_conf.c.obj
                0x0800592c                HAL_PCD_DisconnectCallback
 .text.USBD_LL_Init
                0x08005938       0x68 CMakeFiles/project.elf.dir/USB_DEVICE/Target/usbd_conf.c.obj
                0x08005938                USBD_LL_Init
 .text.USBD_LL_IsStallEP
                0x080059a0       0x2c CMakeFiles/project.elf.dir/USB_DEVICE/Target/usbd_conf.c.obj
                0x080059a0                USBD_LL_IsStallEP
 .text.USBD_LL_GetRxDataSize
                0x080059cc        0xc CMakeFiles/project.elf.dir/USB_DEVICE/Target/usbd_conf.c.obj
                0x080059cc                USBD_LL_GetRxDataSize
 .text.USBD_static_malloc
                0x080059d8        0x8 CMakeFiles/project.elf.dir/USB_DEVICE/Target/usbd_conf.c.obj
                0x080059d8                USBD_static_malloc
 .text.USBD_static_free
                0x080059e0        0x2 CMakeFiles/project.elf.dir/USB_DEVICE/Target/usbd_conf.c.obj
                0x080059e0                USBD_static_free
 .text.USBD_Get_USB_Status
                0x080059e2       0x14 CMakeFiles/project.elf.dir/USB_DEVICE/Target/usbd_conf.c.obj
                0x080059e2                USBD_Get_USB_Status
 .text.USBD_LL_Start
                0x080059f6       0x10 CMakeFiles/project.elf.dir/USB_DEVICE/Target/usbd_conf.c.obj
                0x080059f6                USBD_LL_Start
 .text.USBD_LL_OpenEP
                0x08005a06       0x16 CMakeFiles/project.elf.dir/USB_DEVICE/Target/usbd_conf.c.obj
                0x08005a06                USBD_LL_OpenEP
 .text.USBD_LL_CloseEP
                0x08005a1c       0x10 CMakeFiles/project.elf.dir/USB_DEVICE/Target/usbd_conf.c.obj
                0x08005a1c                USBD_LL_CloseEP
 .text.USBD_LL_StallEP
                0x08005a2c       0x10 CMakeFiles/project.elf.dir/USB_DEVICE/Target/usbd_conf.c.obj
                0x08005a2c                USBD_LL_StallEP
 .text.USBD_LL_ClearStallEP
                0x08005a3c       0x10 CMakeFiles/project.elf.dir/USB_DEVICE/Target/usbd_conf.c.obj
                0x08005a3c                USBD_LL_ClearStallEP
 .text.USBD_LL_SetUSBAddress
                0x08005a4c       0x10 CMakeFiles/project.elf.dir/USB_DEVICE/Target/usbd_conf.c.obj
                0x08005a4c                USBD_LL_SetUSBAddress
 .text.USBD_LL_Transmit
                0x08005a5c       0x10 CMakeFiles/project.elf.dir/USB_DEVICE/Target/usbd_conf.c.obj
                0x08005a5c                USBD_LL_Transmit
 .text.USBD_LL_PrepareReceive
                0x08005a6c       0x10 CMakeFiles/project.elf.dir/USB_DEVICE/Target/usbd_conf.c.obj
                0x08005a6c                USBD_LL_PrepareReceive
 .text.__errno  0x08005a7c        0xc e:/clionstm32tools/gcc-arm-none-eabi-10.3-2021.10/bin/../lib/gcc/arm-none-eabi/10.3.1/../../../../arm-none-eabi/lib/thumb/v7e-m/nofp\libg.a(lib_a-errno.o)
                0x08005a7c                __errno
 .text.__libc_init_array
                0x08005a88       0x48 e:/clionstm32tools/gcc-arm-none-eabi-10.3-2021.10/bin/../lib/gcc/arm-none-eabi/10.3.1/../../../../arm-none-eabi/lib/thumb/v7e-m/nofp\libg.a(lib_a-init.o)
                0x08005a88                __libc_init_array
 .text.memset   0x08005ad0       0xa4 e:/clionstm32tools/gcc-arm-none-eabi-10.3-2021.10/bin/../lib/gcc/arm-none-eabi/10.3.1/../../../../arm-none-eabi/lib/thumb/v7e-m/nofp\libg.a(lib_a-memset.o)
                0x08005ad0                memset
 .text.vsnprintf
                0x08005b74       0x70 e:/clionstm32tools/gcc-arm-none-eabi-10.3-2021.10/bin/../lib/gcc/arm-none-eabi/10.3.1/../../../../arm-none-eabi/lib/thumb/v7e-m/nofp\libg.a(lib_a-vsnprintf.o)
                0x08005b74                vsnprintf
 .text.startup.register_fini
                0x08005be4       0x14 e:/clionstm32tools/gcc-arm-none-eabi-10.3-2021.10/bin/../lib/gcc/arm-none-eabi/10.3.1/../../../../arm-none-eabi/lib/thumb/v7e-m/nofp\libg.a(lib_a-__call_atexit.o)
 .text.atexit   0x08005bf8        0xc e:/clionstm32tools/gcc-arm-none-eabi-10.3-2021.10/bin/../lib/gcc/arm-none-eabi/10.3.1/../../../../arm-none-eabi/lib/thumb/v7e-m/nofp\libg.a(lib_a-atexit.o)
                0x08005bf8                atexit
 .text.__libc_fini_array
                0x08005c04       0x2c e:/clionstm32tools/gcc-arm-none-eabi-10.3-2021.10/bin/../lib/gcc/arm-none-eabi/10.3.1/../../../../arm-none-eabi/lib/thumb/v7e-m/nofp\libg.a(lib_a-fini.o)
                0x08005c04                __libc_fini_array
 .text.__retarget_lock_init_recursive
                0x08005c30        0x4 e:/clionstm32tools/gcc-arm-none-eabi-10.3-2021.10/bin/../lib/gcc/arm-none-eabi/10.3.1/../../../../arm-none-eabi/lib/thumb/v7e-m/nofp\libg.a(lib_a-lock.o)
                0x08005c30                __retarget_lock_init_recursive
 .text.__retarget_lock_close_recursive
                0x08005c34        0x4 e:/clionstm32tools/gcc-arm-none-eabi-10.3-2021.10/bin/../lib/gcc/arm-none-eabi/10.3.1/../../../../arm-none-eabi/lib/thumb/v7e-m/nofp\libg.a(lib_a-lock.o)
                0x08005c34                __retarget_lock_close_recursive
 .text.__retarget_lock_acquire_recursive
                0x08005c38        0x4 e:/clionstm32tools/gcc-arm-none-eabi-10.3-2021.10/bin/../lib/gcc/arm-none-eabi/10.3.1/../../../../arm-none-eabi/lib/thumb/v7e-m/nofp\libg.a(lib_a-lock.o)
                0x08005c38                __retarget_lock_acquire_recursive
 .text.__retarget_lock_release_recursive
                0x08005c3c        0x4 e:/clionstm32tools/gcc-arm-none-eabi-10.3-2021.10/bin/../lib/gcc/arm-none-eabi/10.3.1/../../../../arm-none-eabi/lib/thumb/v7e-m/nofp\libg.a(lib_a-lock.o)
                0x08005c3c                __retarget_lock_release_recursive
 .text._svfprintf_r
                0x08005c40     0x1a3c e:/clionstm32tools/gcc-arm-none-eabi-10.3-2021.10/bin/../lib/gcc/arm-none-eabi/10.3.1/../../../../arm-none-eabi/lib/thumb/v7e-m/nofp\libg.a(lib_a-svfprintf.o)
                0x08005c40                _svfprintf_r
 .text.__register_exitproc
                0x0800767c       0x8c e:/clionstm32tools/gcc-arm-none-eabi-10.3-2021.10/bin/../lib/gcc/arm-none-eabi/10.3.1/../../../../arm-none-eabi/lib/thumb/v7e-m/nofp\libg.a(lib_a-__atexit.o)
                0x0800767c                __register_exitproc
 .text.quorem   0x08007708      0x124 e:/clionstm32tools/gcc-arm-none-eabi-10.3-2021.10/bin/../lib/gcc/arm-none-eabi/10.3.1/../../../../arm-none-eabi/lib/thumb/v7e-m/nofp\libg.a(lib_a-dtoa.o)
 *fill*         0x0800782c        0x4 
 .text._dtoa_r  0x08007830      0xec4 e:/clionstm32tools/gcc-arm-none-eabi-10.3-2021.10/bin/../lib/gcc/arm-none-eabi/10.3.1/../../../../arm-none-eabi/lib/thumb/v7e-m/nofp\libg.a(lib_a-dtoa.o)
                0x08007830                _dtoa_r
 .text._malloc_trim_r
                0x080086f4       0xa0 e:/clionstm32tools/gcc-arm-none-eabi-10.3-2021.10/bin/../lib/gcc/arm-none-eabi/10.3.1/../../../../arm-none-eabi/lib/thumb/v7e-m/nofp\libg.a(lib_a-freer.o)
                0x080086f4                _malloc_trim_r
 .text._free_r  0x08008794      0x20c e:/clionstm32tools/gcc-arm-none-eabi-10.3-2021.10/bin/../lib/gcc/arm-none-eabi/10.3.1/../../../../arm-none-eabi/lib/thumb/v7e-m/nofp\libg.a(lib_a-freer.o)
                0x08008794                _free_r
 .text._localeconv_r
                0x080089a0        0x8 e:/clionstm32tools/gcc-arm-none-eabi-10.3-2021.10/bin/../lib/gcc/arm-none-eabi/10.3.1/../../../../arm-none-eabi/lib/thumb/v7e-m/nofp\libg.a(lib_a-localeconv.o)
                0x080089a0                _localeconv_r
 .text._malloc_r
                0x080089a8      0x560 e:/clionstm32tools/gcc-arm-none-eabi-10.3-2021.10/bin/../lib/gcc/arm-none-eabi/10.3.1/../../../../arm-none-eabi/lib/thumb/v7e-m/nofp\libg.a(lib_a-mallocr.o)
                0x080089a8                _malloc_r
 .text.__malloc_lock
                0x08008f08        0xc e:/clionstm32tools/gcc-arm-none-eabi-10.3-2021.10/bin/../lib/gcc/arm-none-eabi/10.3.1/../../../../arm-none-eabi/lib/thumb/v7e-m/nofp\libg.a(lib_a-mlock.o)
                0x08008f08                __malloc_lock
 .text.__malloc_unlock
                0x08008f14        0xc e:/clionstm32tools/gcc-arm-none-eabi-10.3-2021.10/bin/../lib/gcc/arm-none-eabi/10.3.1/../../../../arm-none-eabi/lib/thumb/v7e-m/nofp\libg.a(lib_a-mlock.o)
                0x08008f14                __malloc_unlock
 .text._Balloc  0x08008f20       0x4c e:/clionstm32tools/gcc-arm-none-eabi-10.3-2021.10/bin/../lib/gcc/arm-none-eabi/10.3.1/../../../../arm-none-eabi/lib/thumb/v7e-m/nofp\libg.a(lib_a-mprec.o)
                0x08008f20                _Balloc
 .text._Bfree   0x08008f6c       0x14 e:/clionstm32tools/gcc-arm-none-eabi-10.3-2021.10/bin/../lib/gcc/arm-none-eabi/10.3.1/../../../../arm-none-eabi/lib/thumb/v7e-m/nofp\libg.a(lib_a-mprec.o)
                0x08008f6c                _Bfree
 .text.__multadd
                0x08008f80       0xa0 e:/clionstm32tools/gcc-arm-none-eabi-10.3-2021.10/bin/../lib/gcc/arm-none-eabi/10.3.1/../../../../arm-none-eabi/lib/thumb/v7e-m/nofp\libg.a(lib_a-mprec.o)
                0x08008f80                __multadd
 .text.__hi0bits
                0x08009020       0x40 e:/clionstm32tools/gcc-arm-none-eabi-10.3-2021.10/bin/../lib/gcc/arm-none-eabi/10.3.1/../../../../arm-none-eabi/lib/thumb/v7e-m/nofp\libg.a(lib_a-mprec.o)
                0x08009020                __hi0bits
 .text.__lo0bits
                0x08009060       0x5c e:/clionstm32tools/gcc-arm-none-eabi-10.3-2021.10/bin/../lib/gcc/arm-none-eabi/10.3.1/../../../../arm-none-eabi/lib/thumb/v7e-m/nofp\libg.a(lib_a-mprec.o)
                0x08009060                __lo0bits
 .text.__i2b    0x080090bc       0x5c e:/clionstm32tools/gcc-arm-none-eabi-10.3-2021.10/bin/../lib/gcc/arm-none-eabi/10.3.1/../../../../arm-none-eabi/lib/thumb/v7e-m/nofp\libg.a(lib_a-mprec.o)
                0x080090bc                __i2b
 .text.__multiply
                0x08009118      0x15c e:/clionstm32tools/gcc-arm-none-eabi-10.3-2021.10/bin/../lib/gcc/arm-none-eabi/10.3.1/../../../../arm-none-eabi/lib/thumb/v7e-m/nofp\libg.a(lib_a-mprec.o)
                0x08009118                __multiply
 .text.__pow5mult
                0x08009274       0xc0 e:/clionstm32tools/gcc-arm-none-eabi-10.3-2021.10/bin/../lib/gcc/arm-none-eabi/10.3.1/../../../../arm-none-eabi/lib/thumb/v7e-m/nofp\libg.a(lib_a-mprec.o)
                0x08009274                __pow5mult
 .text.__lshift
                0x08009334       0xf0 e:/clionstm32tools/gcc-arm-none-eabi-10.3-2021.10/bin/../lib/gcc/arm-none-eabi/10.3.1/../../../../arm-none-eabi/lib/thumb/v7e-m/nofp\libg.a(lib_a-mprec.o)
                0x08009334                __lshift
 .text.__mcmp   0x08009424       0x40 e:/clionstm32tools/gcc-arm-none-eabi-10.3-2021.10/bin/../lib/gcc/arm-none-eabi/10.3.1/../../../../arm-none-eabi/lib/thumb/v7e-m/nofp\libg.a(lib_a-mprec.o)
                0x08009424                __mcmp
 .text.__mdiff  0x08009464      0x14c e:/clionstm32tools/gcc-arm-none-eabi-10.3-2021.10/bin/../lib/gcc/arm-none-eabi/10.3.1/../../../../arm-none-eabi/lib/thumb/v7e-m/nofp\libg.a(lib_a-mprec.o)
                0x08009464                __mdiff
 .text.__d2b    0x080095b0       0xc4 e:/clionstm32tools/gcc-arm-none-eabi-10.3-2021.10/bin/../lib/gcc/arm-none-eabi/10.3.1/../../../../arm-none-eabi/lib/thumb/v7e-m/nofp\libg.a(lib_a-mprec.o)
                0x080095b0                __d2b
 .text.frexp    0x08009674       0x70 e:/clionstm32tools/gcc-arm-none-eabi-10.3-2021.10/bin/../lib/gcc/arm-none-eabi/10.3.1/../../../../arm-none-eabi/lib/thumb/v7e-m/nofp\libg.a(lib_a-s_frexp.o)
                0x08009674                frexp
 .text._sbrk_r  0x080096e4       0x24 e:/clionstm32tools/gcc-arm-none-eabi-10.3-2021.10/bin/../lib/gcc/arm-none-eabi/10.3.1/../../../../arm-none-eabi/lib/thumb/v7e-m/nofp\libg.a(lib_a-sbrkr.o)
                0x080096e4                _sbrk_r
 .text.strncpy  0x08009708       0x64 e:/clionstm32tools/gcc-arm-none-eabi-10.3-2021.10/bin/../lib/gcc/arm-none-eabi/10.3.1/../../../../arm-none-eabi/lib/thumb/v7e-m/nofp\libg.a(lib_a-strncpy.o)
                0x08009708                strncpy
 .text.__ssprint_r
                0x0800976c       0xf8 e:/clionstm32tools/gcc-arm-none-eabi-10.3-2021.10/bin/../lib/gcc/arm-none-eabi/10.3.1/../../../../arm-none-eabi/lib/thumb/v7e-m/nofp\libg.a(lib_a-svfiprintf.o)
                0x0800976c                __ssprint_r
 .text.__assert_func
                0x08009864       0x40 e:/clionstm32tools/gcc-arm-none-eabi-10.3-2021.10/bin/../lib/gcc/arm-none-eabi/10.3.1/../../../../arm-none-eabi/lib/thumb/v7e-m/nofp\libg.a(lib_a-assert.o)
                0x08009864                __assert_func
 .text._calloc_r
                0x080098a4       0x78 e:/clionstm32tools/gcc-arm-none-eabi-10.3-2021.10/bin/../lib/gcc/arm-none-eabi/10.3.1/../../../../arm-none-eabi/lib/thumb/v7e-m/nofp\libg.a(lib_a-callocr.o)
                0x080098a4                _calloc_r
 .text.fiprintf
                0x0800991c       0x28 e:/clionstm32tools/gcc-arm-none-eabi-10.3-2021.10/bin/../lib/gcc/arm-none-eabi/10.3.1/../../../../arm-none-eabi/lib/thumb/v7e-m/nofp\libg.a(lib_a-fiprintf.o)
                0x0800991c                fiprintf
 .text.__locale_mb_cur_max
                0x08009944        0xc e:/clionstm32tools/gcc-arm-none-eabi-10.3-2021.10/bin/../lib/gcc/arm-none-eabi/10.3.1/../../../../arm-none-eabi/lib/thumb/v7e-m/nofp\libg.a(lib_a-locale.o)
                0x08009944                __locale_mb_cur_max
 .text.__ascii_mbtowc
                0x08009950       0x2c e:/clionstm32tools/gcc-arm-none-eabi-10.3-2021.10/bin/../lib/gcc/arm-none-eabi/10.3.1/../../../../arm-none-eabi/lib/thumb/v7e-m/nofp\libg.a(lib_a-mbtowc_r.o)
                0x08009950                __ascii_mbtowc
 .text.memmove  0x0800997c       0xf8 e:/clionstm32tools/gcc-arm-none-eabi-10.3-2021.10/bin/../lib/gcc/arm-none-eabi/10.3.1/../../../../arm-none-eabi/lib/thumb/v7e-m/nofp\libg.a(lib_a-memmove.o)
                0x0800997c                memmove
 .text._realloc_r
                0x08009a74      0x3d8 e:/clionstm32tools/gcc-arm-none-eabi-10.3-2021.10/bin/../lib/gcc/arm-none-eabi/10.3.1/../../../../arm-none-eabi/lib/thumb/v7e-m/nofp\libg.a(lib_a-reallocr.o)
                0x08009a74                _realloc_r
 .text.__sprint_r.part.0
                0x08009e4c       0x78 e:/clionstm32tools/gcc-arm-none-eabi-10.3-2021.10/bin/../lib/gcc/arm-none-eabi/10.3.1/../../../../arm-none-eabi/lib/thumb/v7e-m/nofp\libg.a(lib_a-vfiprintf.o)
 .text._vfiprintf_r
                0x08009ec4      0xda0 e:/clionstm32tools/gcc-arm-none-eabi-10.3-2021.10/bin/../lib/gcc/arm-none-eabi/10.3.1/../../../../arm-none-eabi/lib/thumb/v7e-m/nofp\libg.a(lib_a-vfiprintf.o)
                0x08009ec4                _vfiprintf_r
 .text.__sbprintf
                0x0800ac64       0x80 e:/clionstm32tools/gcc-arm-none-eabi-10.3-2021.10/bin/../lib/gcc/arm-none-eabi/10.3.1/../../../../arm-none-eabi/lib/thumb/v7e-m/nofp\libg.a(lib_a-vfiprintf.o)
 .text.__ascii_wctomb
                0x0800ace4       0x1c e:/clionstm32tools/gcc-arm-none-eabi-10.3-2021.10/bin/../lib/gcc/arm-none-eabi/10.3.1/../../../../arm-none-eabi/lib/thumb/v7e-m/nofp\libg.a(lib_a-wctomb_r.o)
                0x0800ace4                __ascii_wctomb
 .text.__swsetup_r
                0x0800ad00       0xd4 e:/clionstm32tools/gcc-arm-none-eabi-10.3-2021.10/bin/../lib/gcc/arm-none-eabi/10.3.1/../../../../arm-none-eabi/lib/thumb/v7e-m/nofp\libg.a(lib_a-wsetup.o)
                0x0800ad00                __swsetup_r
 .text.abort    0x0800add4       0x10 e:/clionstm32tools/gcc-arm-none-eabi-10.3-2021.10/bin/../lib/gcc/arm-none-eabi/10.3.1/../../../../arm-none-eabi/lib/thumb/v7e-m/nofp\libg.a(lib_a-abort.o)
                0x0800add4                abort
 .text.__sflush_r
                0x0800ade4      0x120 e:/clionstm32tools/gcc-arm-none-eabi-10.3-2021.10/bin/../lib/gcc/arm-none-eabi/10.3.1/../../../../arm-none-eabi/lib/thumb/v7e-m/nofp\libg.a(lib_a-fflush.o)
                0x0800ade4                __sflush_r
 .text._fflush_r
                0x0800af04       0x5c e:/clionstm32tools/gcc-arm-none-eabi-10.3-2021.10/bin/../lib/gcc/arm-none-eabi/10.3.1/../../../../arm-none-eabi/lib/thumb/v7e-m/nofp\libg.a(lib_a-fflush.o)
                0x0800af04                _fflush_r
 .text._cleanup_r
                0x0800af60        0xc e:/clionstm32tools/gcc-arm-none-eabi-10.3-2021.10/bin/../lib/gcc/arm-none-eabi/10.3.1/../../../../arm-none-eabi/lib/thumb/v7e-m/nofp\libg.a(lib_a-findfp.o)
                0x0800af60                _cleanup_r
 .text.__sinit  0x0800af6c      0x10c e:/clionstm32tools/gcc-arm-none-eabi-10.3-2021.10/bin/../lib/gcc/arm-none-eabi/10.3.1/../../../../arm-none-eabi/lib/thumb/v7e-m/nofp\libg.a(lib_a-findfp.o)
                0x0800af6c                __sinit
 .text.__sfp_lock_acquire
                0x0800b078        0xc e:/clionstm32tools/gcc-arm-none-eabi-10.3-2021.10/bin/../lib/gcc/arm-none-eabi/10.3.1/../../../../arm-none-eabi/lib/thumb/v7e-m/nofp\libg.a(lib_a-findfp.o)
                0x0800b078                __sfp_lock_acquire
 .text.__sfp_lock_release
                0x0800b084        0xc e:/clionstm32tools/gcc-arm-none-eabi-10.3-2021.10/bin/../lib/gcc/arm-none-eabi/10.3.1/../../../../arm-none-eabi/lib/thumb/v7e-m/nofp\libg.a(lib_a-findfp.o)
                0x0800b084                __sfp_lock_release
 .text.__fputwc
                0x0800b090       0xa8 e:/clionstm32tools/gcc-arm-none-eabi-10.3-2021.10/bin/../lib/gcc/arm-none-eabi/10.3.1/../../../../arm-none-eabi/lib/thumb/v7e-m/nofp\libg.a(lib_a-fputwc.o)
                0x0800b090                __fputwc
 .text._fputwc_r
                0x0800b138       0x68 e:/clionstm32tools/gcc-arm-none-eabi-10.3-2021.10/bin/../lib/gcc/arm-none-eabi/10.3.1/../../../../arm-none-eabi/lib/thumb/v7e-m/nofp\libg.a(lib_a-fputwc.o)
                0x0800b138                _fputwc_r
 .text.__sfvwrite_r
                0x0800b1a0      0x2e8 e:/clionstm32tools/gcc-arm-none-eabi-10.3-2021.10/bin/../lib/gcc/arm-none-eabi/10.3.1/../../../../arm-none-eabi/lib/thumb/v7e-m/nofp\libg.a(lib_a-fvwrite.o)
                0x0800b1a0                __sfvwrite_r
 .text._fwalk_reent
                0x0800b488       0x48 e:/clionstm32tools/gcc-arm-none-eabi-10.3-2021.10/bin/../lib/gcc/arm-none-eabi/10.3.1/../../../../arm-none-eabi/lib/thumb/v7e-m/nofp\libg.a(lib_a-fwalk.o)
                0x0800b488                _fwalk_reent
 .text.__smakebuf_r
                0x0800b4d0       0xe0 e:/clionstm32tools/gcc-arm-none-eabi-10.3-2021.10/bin/../lib/gcc/arm-none-eabi/10.3.1/../../../../arm-none-eabi/lib/thumb/v7e-m/nofp\libg.a(lib_a-makebuf.o)
                0x0800b4d0                __smakebuf_r
 .text.raise    0x0800b5b0       0x5c e:/clionstm32tools/gcc-arm-none-eabi-10.3-2021.10/bin/../lib/gcc/arm-none-eabi/10.3.1/../../../../arm-none-eabi/lib/thumb/v7e-m/nofp\libg.a(lib_a-signal.o)
                0x0800b5b0                raise
 .text._kill_r  0x0800b60c       0x2c e:/clionstm32tools/gcc-arm-none-eabi-10.3-2021.10/bin/../lib/gcc/arm-none-eabi/10.3.1/../../../../arm-none-eabi/lib/thumb/v7e-m/nofp\libg.a(lib_a-signalr.o)
                0x0800b60c                _kill_r
 .text._getpid_r
                0x0800b638        0x4 e:/clionstm32tools/gcc-arm-none-eabi-10.3-2021.10/bin/../lib/gcc/arm-none-eabi/10.3.1/../../../../arm-none-eabi/lib/thumb/v7e-m/nofp\libg.a(lib_a-signalr.o)
                0x0800b638                _getpid_r
 .text.__sread  0x0800b63c       0x24 e:/clionstm32tools/gcc-arm-none-eabi-10.3-2021.10/bin/../lib/gcc/arm-none-eabi/10.3.1/../../../../arm-none-eabi/lib/thumb/v7e-m/nofp\libg.a(lib_a-stdio.o)
                0x0800b63c                __sread
 .text.__swrite
                0x0800b660       0x40 e:/clionstm32tools/gcc-arm-none-eabi-10.3-2021.10/bin/../lib/gcc/arm-none-eabi/10.3.1/../../../../arm-none-eabi/lib/thumb/v7e-m/nofp\libg.a(lib_a-stdio.o)
                0x0800b660                __swrite
 .text.__sseek  0x0800b6a0       0x20 e:/clionstm32tools/gcc-arm-none-eabi-10.3-2021.10/bin/../lib/gcc/arm-none-eabi/10.3.1/../../../../arm-none-eabi/lib/thumb/v7e-m/nofp\libg.a(lib_a-stdio.o)
                0x0800b6a0                __sseek
 .text.__sclose
                0x0800b6c0        0x8 e:/clionstm32tools/gcc-arm-none-eabi-10.3-2021.10/bin/../lib/gcc/arm-none-eabi/10.3.1/../../../../arm-none-eabi/lib/thumb/v7e-m/nofp\libg.a(lib_a-stdio.o)
                0x0800b6c0                __sclose
 .text.__swbuf_r
                0x0800b6c8       0xb0 e:/clionstm32tools/gcc-arm-none-eabi-10.3-2021.10/bin/../lib/gcc/arm-none-eabi/10.3.1/../../../../arm-none-eabi/lib/thumb/v7e-m/nofp\libg.a(lib_a-wbuf.o)
                0x0800b6c8                __swbuf_r
 .text._wcrtomb_r
                0x0800b778       0x3c e:/clionstm32tools/gcc-arm-none-eabi-10.3-2021.10/bin/../lib/gcc/arm-none-eabi/10.3.1/../../../../arm-none-eabi/lib/thumb/v7e-m/nofp\libg.a(lib_a-wcrtomb.o)
                0x0800b778                _wcrtomb_r
 .text._write_r
                0x0800b7b4       0x2c e:/clionstm32tools/gcc-arm-none-eabi-10.3-2021.10/bin/../lib/gcc/arm-none-eabi/10.3.1/../../../../arm-none-eabi/lib/thumb/v7e-m/nofp\libg.a(lib_a-writer.o)
                0x0800b7b4                _write_r
 .text._close_r
                0x0800b7e0       0x24 e:/clionstm32tools/gcc-arm-none-eabi-10.3-2021.10/bin/../lib/gcc/arm-none-eabi/10.3.1/../../../../arm-none-eabi/lib/thumb/v7e-m/nofp\libg.a(lib_a-closer.o)
                0x0800b7e0                _close_r
 .text._fclose_r
                0x0800b804       0xcc e:/clionstm32tools/gcc-arm-none-eabi-10.3-2021.10/bin/../lib/gcc/arm-none-eabi/10.3.1/../../../../arm-none-eabi/lib/thumb/v7e-m/nofp\libg.a(lib_a-fclose.o)
                0x0800b804                _fclose_r
 .text._fstat_r
                0x0800b8d0       0x2c e:/clionstm32tools/gcc-arm-none-eabi-10.3-2021.10/bin/../lib/gcc/arm-none-eabi/10.3.1/../../../../arm-none-eabi/lib/thumb/v7e-m/nofp\libg.a(lib_a-fstatr.o)
                0x0800b8d0                _fstat_r
 .text._isatty_r
                0x0800b8fc       0x24 e:/clionstm32tools/gcc-arm-none-eabi-10.3-2021.10/bin/../lib/gcc/arm-none-eabi/10.3.1/../../../../arm-none-eabi/lib/thumb/v7e-m/nofp\libg.a(lib_a-isattyr.o)
                0x0800b8fc                _isatty_r
 .text._lseek_r
                0x0800b920       0x2c e:/clionstm32tools/gcc-arm-none-eabi-10.3-2021.10/bin/../lib/gcc/arm-none-eabi/10.3.1/../../../../arm-none-eabi/lib/thumb/v7e-m/nofp\libg.a(lib_a-lseekr.o)
                0x0800b920                _lseek_r
 .text._read_r  0x0800b94c       0x2c e:/clionstm32tools/gcc-arm-none-eabi-10.3-2021.10/bin/../lib/gcc/arm-none-eabi/10.3.1/../../../../arm-none-eabi/lib/thumb/v7e-m/nofp\libg.a(lib_a-readr.o)
                0x0800b94c                _read_r
 *(.glue_7)
 .glue_7        0x0800b978        0x0 linker stubs
 *(.glue_7t)
 .glue_7t       0x0800b978        0x0 linker stubs
 *(.eh_frame)
 .eh_frame      0x0800b978        0x0 e:/clionstm32tools/gcc-arm-none-eabi-10.3-2021.10/bin/../lib/gcc/arm-none-eabi/10.3.1/thumb/v7e-m/nofp/crtbegin.o
 *(.init)
 .init          0x0800b978        0x4 e:/clionstm32tools/gcc-arm-none-eabi-10.3-2021.10/bin/../lib/gcc/arm-none-eabi/10.3.1/thumb/v7e-m/nofp/crti.o
                0x0800b978                _init
 .init          0x0800b97c        0x8 e:/clionstm32tools/gcc-arm-none-eabi-10.3-2021.10/bin/../lib/gcc/arm-none-eabi/10.3.1/thumb/v7e-m/nofp/crtn.o
 *(.fini)
 .fini          0x0800b984        0x4 e:/clionstm32tools/gcc-arm-none-eabi-10.3-2021.10/bin/../lib/gcc/arm-none-eabi/10.3.1/thumb/v7e-m/nofp/crti.o
                0x0800b984                _fini
 .fini          0x0800b988        0x8 e:/clionstm32tools/gcc-arm-none-eabi-10.3-2021.10/bin/../lib/gcc/arm-none-eabi/10.3.1/thumb/v7e-m/nofp/crtn.o
                0x0800b990                . = ALIGN (0x4)
                0x0800b990                _etext = .

.vfp11_veneer   0x0800b990        0x0
 .vfp11_veneer  0x0800b990        0x0 linker stubs

.v4_bx          0x0800b990        0x0
 .v4_bx         0x0800b990        0x0 linker stubs

.iplt           0x0800b990        0x0
 .iplt          0x0800b990        0x0 e:/clionstm32tools/gcc-arm-none-eabi-10.3-2021.10/bin/../lib/gcc/arm-none-eabi/10.3.1/thumb/v7e-m/nofp/crtbegin.o

.rodata         0x0800b990      0x470
                0x0800b990                . = ALIGN (0x4)
 *(.rodata)
 *(.rodata*)
 .rodata.main.str1.4
                0x0800b990       0x10 CMakeFiles/project.elf.dir/Core/Src/main.c.obj
 .rodata.AHBPrescTable
                0x0800b9a0       0x10 CMakeFiles/project.elf.dir/Core/Src/system_stm32f4xx.c.obj
                0x0800b9a0                AHBPrescTable
 .rodata.flagBitshiftOffset.0
                0x0800b9b0        0x8 CMakeFiles/project.elf.dir/Drivers/STM32F4xx_HAL_Driver/Src/stm32f4xx_hal_dma.c.obj
 .rodata.USBD_FS_ProductStrDescriptor.str1.4
                0x0800b9b8       0x16 CMakeFiles/project.elf.dir/USB_DEVICE/App/usbd_desc.c.obj
 *fill*         0x0800b9ce        0x2 
 .rodata.USBD_FS_ManufacturerStrDescriptor.str1.4
                0x0800b9d0       0x13 CMakeFiles/project.elf.dir/USB_DEVICE/App/usbd_desc.c.obj
 *fill*         0x0800b9e3        0x1 
 .rodata.USBD_FS_ConfigStrDescriptor.str1.4
                0x0800b9e4        0xb CMakeFiles/project.elf.dir/USB_DEVICE/App/usbd_desc.c.obj
 *fill*         0x0800b9ef        0x1 
 .rodata.USBD_FS_InterfaceStrDescriptor.str1.4
                0x0800b9f0        0xe CMakeFiles/project.elf.dir/USB_DEVICE/App/usbd_desc.c.obj
 *fill*         0x0800b9fe        0x2 
 .rodata._global_impure_ptr
                0x0800ba00        0x4 e:/clionstm32tools/gcc-arm-none-eabi-10.3-2021.10/bin/../lib/gcc/arm-none-eabi/10.3.1/../../../../arm-none-eabi/lib/thumb/v7e-m/nofp\libg.a(lib_a-impure.o)
                0x0800ba00                _global_impure_ptr
 .rodata._svfprintf_r.str1.4
                0x0800ba04       0x42 e:/clionstm32tools/gcc-arm-none-eabi-10.3-2021.10/bin/../lib/gcc/arm-none-eabi/10.3.1/../../../../arm-none-eabi/lib/thumb/v7e-m/nofp\libg.a(lib_a-svfprintf.o)
 *fill*         0x0800ba46        0x2 
 .rodata.blanks.1
                0x0800ba48       0x10 e:/clionstm32tools/gcc-arm-none-eabi-10.3-2021.10/bin/../lib/gcc/arm-none-eabi/10.3.1/../../../../arm-none-eabi/lib/thumb/v7e-m/nofp\libg.a(lib_a-svfprintf.o)
 .rodata.zeroes.0
                0x0800ba58       0x10 e:/clionstm32tools/gcc-arm-none-eabi-10.3-2021.10/bin/../lib/gcc/arm-none-eabi/10.3.1/../../../../arm-none-eabi/lib/thumb/v7e-m/nofp\libg.a(lib_a-svfprintf.o)
 .rodata._dtoa_r.str1.4
                0x0800ba68       0xa2 e:/clionstm32tools/gcc-arm-none-eabi-10.3-2021.10/bin/../lib/gcc/arm-none-eabi/10.3.1/../../../../arm-none-eabi/lib/thumb/v7e-m/nofp\libg.a(lib_a-dtoa.o)
                                 0xa6 (size before relaxing)
 *fill*         0x0800bb0a        0x2 
 .rodata.__multadd.str1.4
                0x0800bb0c       0x7f e:/clionstm32tools/gcc-arm-none-eabi-10.3-2021.10/bin/../lib/gcc/arm-none-eabi/10.3.1/../../../../arm-none-eabi/lib/thumb/v7e-m/nofp\libg.a(lib_a-mprec.o)
                                 0x93 (size before relaxing)
 *fill*         0x0800bb8b        0x5 
 .rodata.__mprec_bigtens
                0x0800bb90       0x28 e:/clionstm32tools/gcc-arm-none-eabi-10.3-2021.10/bin/../lib/gcc/arm-none-eabi/10.3.1/../../../../arm-none-eabi/lib/thumb/v7e-m/nofp\libg.a(lib_a-mprec.o)
                0x0800bb90                __mprec_bigtens
 .rodata.__mprec_tens
                0x0800bbb8       0xc8 e:/clionstm32tools/gcc-arm-none-eabi-10.3-2021.10/bin/../lib/gcc/arm-none-eabi/10.3.1/../../../../arm-none-eabi/lib/thumb/v7e-m/nofp\libg.a(lib_a-mprec.o)
                0x0800bbb8                __mprec_tens
 .rodata.p05.0  0x0800bc80        0xc e:/clionstm32tools/gcc-arm-none-eabi-10.3-2021.10/bin/../lib/gcc/arm-none-eabi/10.3.1/../../../../arm-none-eabi/lib/thumb/v7e-m/nofp\libg.a(lib_a-mprec.o)
 .rodata.__assert_func.str1.4
                0x0800bc8c       0x3f e:/clionstm32tools/gcc-arm-none-eabi-10.3-2021.10/bin/../lib/gcc/arm-none-eabi/10.3.1/../../../../arm-none-eabi/lib/thumb/v7e-m/nofp\libg.a(lib_a-assert.o)
                                 0x43 (size before relaxing)
 *fill*         0x0800bccb        0x1 
 .rodata._setlocale_r.str1.4
                0x0800bccc        0xa e:/clionstm32tools/gcc-arm-none-eabi-10.3-2021.10/bin/../lib/gcc/arm-none-eabi/10.3.1/../../../../arm-none-eabi/lib/thumb/v7e-m/nofp\libg.a(lib_a-locale.o)
                                  0xd (size before relaxing)
 *fill*         0x0800bcd6        0x2 
 .rodata.str1.4
                0x0800bcd8        0x2 e:/clionstm32tools/gcc-arm-none-eabi-10.3-2021.10/bin/../lib/gcc/arm-none-eabi/10.3.1/../../../../arm-none-eabi/lib/thumb/v7e-m/nofp\libg.a(lib_a-locale.o)
 .rodata._vfiprintf_r.str1.4
                0x0800bcda       0x2f e:/clionstm32tools/gcc-arm-none-eabi-10.3-2021.10/bin/../lib/gcc/arm-none-eabi/10.3.1/../../../../arm-none-eabi/lib/thumb/v7e-m/nofp\libg.a(lib_a-vfiprintf.o)
 *fill*         0x0800bcda        0x2 
 .rodata.blanks.1
                0x0800bcdc       0x10 e:/clionstm32tools/gcc-arm-none-eabi-10.3-2021.10/bin/../lib/gcc/arm-none-eabi/10.3.1/../../../../arm-none-eabi/lib/thumb/v7e-m/nofp\libg.a(lib_a-vfiprintf.o)
 .rodata.zeroes.0
                0x0800bcec       0x10 e:/clionstm32tools/gcc-arm-none-eabi-10.3-2021.10/bin/../lib/gcc/arm-none-eabi/10.3.1/../../../../arm-none-eabi/lib/thumb/v7e-m/nofp\libg.a(lib_a-vfiprintf.o)
 .rodata._ctype_
                0x0800bcfc      0x101 e:/clionstm32tools/gcc-arm-none-eabi-10.3-2021.10/bin/../lib/gcc/arm-none-eabi/10.3.1/../../../../arm-none-eabi/lib/thumb/v7e-m/nofp\libg.a(lib_a-ctype_.o)
                0x0800bcfc                _ctype_
                0x0800be00                . = ALIGN (0x4)
 *fill*         0x0800bdfd        0x3 

.ARM.extab      0x0800be00        0x0
                0x0800be00                . = ALIGN (0x4)
 *(.ARM.extab* .gnu.linkonce.armextab.*)
                0x0800be00                . = ALIGN (0x4)

.ARM            0x0800be00        0x8
                0x0800be00                . = ALIGN (0x4)
                0x0800be00                __exidx_start = .
 *(.ARM.exidx*)
 .ARM.exidx     0x0800be00        0x8 e:/clionstm32tools/gcc-arm-none-eabi-10.3-2021.10/bin/../lib/gcc/arm-none-eabi/10.3.1/thumb/v7e-m/nofp\libgcc.a(_udivmoddi4.o)
                0x0800be08                __exidx_end = .
                0x0800be08                . = ALIGN (0x4)

.rel.dyn        0x0800be08        0x0
 .rel.iplt      0x0800be08        0x0 e:/clionstm32tools/gcc-arm-none-eabi-10.3-2021.10/bin/../lib/gcc/arm-none-eabi/10.3.1/thumb/v7e-m/nofp/crtbegin.o

.preinit_array  0x0800be08        0x0
                0x0800be08                . = ALIGN (0x4)
                0x0800be08                PROVIDE (__preinit_array_start = .)
 *(.preinit_array*)
                0x0800be08                PROVIDE (__preinit_array_end = .)
                0x0800be08                . = ALIGN (0x4)

.init_array     0x0800be08        0x8
                0x0800be08                . = ALIGN (0x4)
                0x0800be08                PROVIDE (__init_array_start = .)
 *(SORT_BY_NAME(.init_array.*))
 .init_array.00000
                0x0800be08        0x4 e:/clionstm32tools/gcc-arm-none-eabi-10.3-2021.10/bin/../lib/gcc/arm-none-eabi/10.3.1/../../../../arm-none-eabi/lib/thumb/v7e-m/nofp\libg.a(lib_a-__call_atexit.o)
 *(.init_array*)
 .init_array    0x0800be0c        0x4 e:/clionstm32tools/gcc-arm-none-eabi-10.3-2021.10/bin/../lib/gcc/arm-none-eabi/10.3.1/thumb/v7e-m/nofp/crtbegin.o
                0x0800be10                PROVIDE (__init_array_end = .)
                0x0800be10                . = ALIGN (0x4)

.fini_array     0x0800be10        0x4
                0x0800be10                . = ALIGN (0x4)
                0x0800be10                PROVIDE (__fini_array_start = .)
 *(SORT_BY_NAME(.fini_array.*))
 *(.fini_array*)
 .fini_array    0x0800be10        0x4 e:/clionstm32tools/gcc-arm-none-eabi-10.3-2021.10/bin/../lib/gcc/arm-none-eabi/10.3.1/thumb/v7e-m/nofp/crtbegin.o
                0x0800be14                PROVIDE (__fini_array_end = .)
                0x0800be14                . = ALIGN (0x4)
                0x0800be14                _sidata = LOADADDR (.data)

.data           0x20000000      0xaa8 load address 0x0800be14
                0x20000000                . = ALIGN (0x4)
                0x20000000                _sdata = .
 *(.data)
 *(.data*)
 .data.SystemCoreClock
                0x20000000        0x4 CMakeFiles/project.elf.dir/Core/Src/system_stm32f4xx.c.obj
                0x20000000                SystemCoreClock
 .data.Rx_status
                0x20000004        0x1 CMakeFiles/project.elf.dir/Core/Src/usb_user.c.obj
                0x20000004                Rx_status
 .data.uwTickFreq
                0x20000005        0x1 CMakeFiles/project.elf.dir/Drivers/STM32F4xx_HAL_Driver/Src/stm32f4xx_hal.c.obj
                0x20000005                uwTickFreq
 *fill*         0x20000006        0x2 
 .data.uwTickPrio
                0x20000008        0x4 CMakeFiles/project.elf.dir/Drivers/STM32F4xx_HAL_Driver/Src/stm32f4xx_hal.c.obj
                0x20000008                uwTickPrio
 .data.USBD_CDC
                0x2000000c       0x38 CMakeFiles/project.elf.dir/Middlewares/ST/STM32_USB_Device_Library/Class/CDC/Src/usbd_cdc.c.obj
                0x2000000c                USBD_CDC
 .data.USBD_CDC_CfgDesc
                0x20000044       0x43 CMakeFiles/project.elf.dir/Middlewares/ST/STM32_USB_Device_Library/Class/CDC/Src/usbd_cdc.c.obj
 *fill*         0x20000087        0x1 
 .data.USBD_CDC_DeviceQualifierDesc
                0x20000088        0xa CMakeFiles/project.elf.dir/Middlewares/ST/STM32_USB_Device_Library/Class/CDC/Src/usbd_cdc.c.obj
 *fill*         0x20000092        0x2 
 .data.USBD_Interface_fops_FS
                0x20000094       0x14 CMakeFiles/project.elf.dir/USB_DEVICE/App/usbd_cdc_if.c.obj
                0x20000094                USBD_Interface_fops_FS
 .data.FS_Desc  0x200000a8       0x1c CMakeFiles/project.elf.dir/USB_DEVICE/App/usbd_desc.c.obj
                0x200000a8                FS_Desc
 .data.USBD_FS_DeviceDesc
                0x200000c4       0x12 CMakeFiles/project.elf.dir/USB_DEVICE/App/usbd_desc.c.obj
                0x200000c4                USBD_FS_DeviceDesc
 *fill*         0x200000d6        0x2 
 .data.USBD_LangIDDesc
                0x200000d8        0x4 CMakeFiles/project.elf.dir/USB_DEVICE/App/usbd_desc.c.obj
                0x200000d8                USBD_LangIDDesc
 .data.USBD_StringSerial
                0x200000dc       0x1a CMakeFiles/project.elf.dir/USB_DEVICE/App/usbd_desc.c.obj
                0x200000dc                USBD_StringSerial
 *fill*         0x200000f6        0x2 
 .data._impure_ptr
                0x200000f8        0x4 e:/clionstm32tools/gcc-arm-none-eabi-10.3-2021.10/bin/../lib/gcc/arm-none-eabi/10.3.1/../../../../arm-none-eabi/lib/thumb/v7e-m/nofp\libg.a(lib_a-impure.o)
                0x200000f8                _impure_ptr
 *fill*         0x200000fc        0x4 
 .data.impure_data
                0x20000100      0x428 e:/clionstm32tools/gcc-arm-none-eabi-10.3-2021.10/bin/../lib/gcc/arm-none-eabi/10.3.1/../../../../arm-none-eabi/lib/thumb/v7e-m/nofp\libg.a(lib_a-impure.o)
 .data.__atexit_recursive_mutex
                0x20000528        0x4 e:/clionstm32tools/gcc-arm-none-eabi-10.3-2021.10/bin/../lib/gcc/arm-none-eabi/10.3.1/../../../../arm-none-eabi/lib/thumb/v7e-m/nofp\libg.a(lib_a-__call_atexit.o)
                0x20000528                __atexit_recursive_mutex
 .data.__malloc_av_
                0x2000052c      0x408 e:/clionstm32tools/gcc-arm-none-eabi-10.3-2021.10/bin/../lib/gcc/arm-none-eabi/10.3.1/../../../../arm-none-eabi/lib/thumb/v7e-m/nofp\libg.a(lib_a-mallocr.o)
                0x2000052c                __malloc_av_
 .data.__malloc_sbrk_base
                0x20000934        0x4 e:/clionstm32tools/gcc-arm-none-eabi-10.3-2021.10/bin/../lib/gcc/arm-none-eabi/10.3.1/../../../../arm-none-eabi/lib/thumb/v7e-m/nofp\libg.a(lib_a-mallocr.o)
                0x20000934                __malloc_sbrk_base
 .data.__malloc_trim_threshold
                0x20000938        0x4 e:/clionstm32tools/gcc-arm-none-eabi-10.3-2021.10/bin/../lib/gcc/arm-none-eabi/10.3.1/../../../../arm-none-eabi/lib/thumb/v7e-m/nofp\libg.a(lib_a-mallocr.o)
                0x20000938                __malloc_trim_threshold
 .data.__global_locale
                0x2000093c      0x16c e:/clionstm32tools/gcc-arm-none-eabi-10.3-2021.10/bin/../lib/gcc/arm-none-eabi/10.3.1/../../../../arm-none-eabi/lib/thumb/v7e-m/nofp\libg.a(lib_a-locale.o)
                0x2000093c                __global_locale
 *(.RamFunc)
 *(.RamFunc*)
                0x20000aa8                . = ALIGN (0x4)
                0x20000aa8                _edata = .
                0x0800c8bc                _siccmram = LOADADDR (.ccmram)

.igot.plt       0x20000aa8        0x0 load address 0x0800c8bc
 .igot.plt      0x20000aa8        0x0 e:/clionstm32tools/gcc-arm-none-eabi-10.3-2021.10/bin/../lib/gcc/arm-none-eabi/10.3.1/thumb/v7e-m/nofp/crtbegin.o

.ccmram         0x10000000        0x0 load address 0x0800c8bc
                0x10000000                . = ALIGN (0x4)
                0x10000000                _sccmram = .
 *(.ccmram)
 *(.ccmram*)
                0x10000000                . = ALIGN (0x4)
                0x10000000                _eccmram = .
                0x10000000                . = ALIGN (0x4)

.bss            0x20000aa8     0x25a8
                0x20000aa8                _sbss = .
                0x20000aa8                __bss_start__ = _sbss
 *(.bss)
 .bss           0x20000aa8       0x1c e:/clionstm32tools/gcc-arm-none-eabi-10.3-2021.10/bin/../lib/gcc/arm-none-eabi/10.3.1/thumb/v7e-m/nofp/crtbegin.o
 *(.bss*)
 .bss.hdma_spi2_tx
                0x20000ac4       0x60 CMakeFiles/project.elf.dir/Core/Src/i2s.c.obj
                0x20000ac4                hdma_spi2_tx
 .bss.hdma_spi3_tx
                0x20000b24       0x60 CMakeFiles/project.elf.dir/Core/Src/i2s.c.obj
                0x20000b24                hdma_spi3_tx
 .bss.hi2s2     0x20000b84       0x48 CMakeFiles/project.elf.dir/Core/Src/i2s.c.obj
                0x20000b84                hi2s2
 .bss.hi2s3     0x20000bcc       0x48 CMakeFiles/project.elf.dir/Core/Src/i2s.c.obj
                0x20000bcc                hi2s3
 .bss.__sbrk_heap_end
                0x20000c14        0x4 CMakeFiles/project.elf.dir/Core/Src/sysmem.c.obj
 .bss.RX_goal_num
                0x20000c18        0x2 CMakeFiles/project.elf.dir/Core/Src/usb_user.c.obj
                0x20000c18                RX_goal_num
 .bss.Rx_Date_Num
                0x20000c1a        0x2 CMakeFiles/project.elf.dir/Core/Src/usb_user.c.obj
                0x20000c1a                Rx_Date_Num
 .bss.UserRxBuffer
                0x20000c1c      0x800 CMakeFiles/project.elf.dir/Core/Src/usb_user.c.obj
                0x20000c1c                UserRxBuffer
 .bss.p         0x2000141c        0x4 CMakeFiles/project.elf.dir/Core/Src/usb_user.c.obj
                0x2000141c                p
 .bss.uwTick    0x20001420        0x4 CMakeFiles/project.elf.dir/Drivers/STM32F4xx_HAL_Driver/Src/stm32f4xx_hal.c.obj
                0x20001420                uwTick
 .bss.cfgidx.0  0x20001424        0x1 CMakeFiles/project.elf.dir/Middlewares/ST/STM32_USB_Device_Library/Core/Src/usbd_ctlreq.c.obj
 *fill*         0x20001425        0x3 
 .bss.hUsbDeviceFS
                0x20001428      0x2dc CMakeFiles/project.elf.dir/USB_DEVICE/App/usb_device.c.obj
                0x20001428                hUsbDeviceFS
 .bss.UserRxBufferFS
                0x20001704      0x800 CMakeFiles/project.elf.dir/USB_DEVICE/App/usbd_cdc_if.c.obj
                0x20001704                UserRxBufferFS
 .bss.UserTxBufferFS
                0x20001f04      0x800 CMakeFiles/project.elf.dir/USB_DEVICE/App/usbd_cdc_if.c.obj
                0x20001f04                UserTxBufferFS
 .bss.USBD_StrDesc
                0x20002704      0x200 CMakeFiles/project.elf.dir/USB_DEVICE/App/usbd_desc.c.obj
                0x20002704                USBD_StrDesc
 .bss.hpcd_USB_OTG_FS
                0x20002904      0x4e4 CMakeFiles/project.elf.dir/USB_DEVICE/Target/usbd_conf.c.obj
                0x20002904                hpcd_USB_OTG_FS
 .bss.mem.0     0x20002de8      0x220 CMakeFiles/project.elf.dir/USB_DEVICE/Target/usbd_conf.c.obj
 .bss.__lock___atexit_recursive_mutex
                0x20003008        0x1 e:/clionstm32tools/gcc-arm-none-eabi-10.3-2021.10/bin/../lib/gcc/arm-none-eabi/10.3.1/../../../../arm-none-eabi/lib/thumb/v7e-m/nofp\libg.a(lib_a-lock.o)
                0x20003008                __lock___atexit_recursive_mutex
 *fill*         0x20003009        0x3 
 .bss.__lock___malloc_recursive_mutex
                0x2000300c        0x1 e:/clionstm32tools/gcc-arm-none-eabi-10.3-2021.10/bin/../lib/gcc/arm-none-eabi/10.3.1/../../../../arm-none-eabi/lib/thumb/v7e-m/nofp\libg.a(lib_a-lock.o)
                0x2000300c                __lock___malloc_recursive_mutex
 *fill*         0x2000300d        0x3 
 .bss.__lock___sfp_recursive_mutex